[0.534s] Invoking command in '/home/yusen/dev_ws/build/serial_motor_demo': DEBUGINFOD_URLS=https://debuginfod.ubuntu.com PYTHONPATH=/home/yusen/dev_ws/build/serial_motor_demo/prefix_override:/usr/lib/python3/dist-packages/colcon_core/task/python/colcon_distutils_commands:/home/yusen/dev_ws/install/serial_motor_demo/lib/python3.12/site-packages:/home/yusen/dev_ws/install/serial_motor_demo_msgs/lib/python3.12/site-packages:/home/yusen/dev_ws/build/serial_motor_demo:/home/yusen/dev_ws/install/serial_motor_demo/lib/python3.12/site-packages:/opt/ros/jazzy/lib/python3.12/site-packages /usr/bin/python3 -W ignore:setup.py install is deprecated -W ignore:easy_install command is deprecated setup.py develop --editable --build-directory /home/yusen/dev_ws/build/serial_motor_demo/build --no-deps symlink_data
[0.616s] /usr/lib/python3/dist-packages/setuptools/dist.py:744: SetuptoolsDeprecationWarning: Invalid dash-separated options
[0.616s] !!
[0.616s] 
[0.616s]         ********************************************************************************
[0.616s]         Usage of dash-separated 'script-dir' will not be supported in future
[0.616s]         versions. Please use the underscore name 'script_dir' instead.
[0.616s] 
[0.616s]         This deprecation is overdue, please update your project and remove deprecated
[0.616s]         calls to avoid build errors in the future.
[0.616s] 
[0.616s]         See https://setuptools.pypa.io/en/latest/userguide/declarative_config.html for details.
[0.616s]         ********************************************************************************
[0.616s] 
[0.616s] !!
[0.616s]   opt = self.warn_dash_deprecation(opt, section)
[0.725s] running develop
[0.840s] running egg_info
[0.852s] writing serial_motor_demo.egg-info/PKG-INFO
[0.852s] writing dependency_links to serial_motor_demo.egg-info/dependency_links.txt
[0.852s] writing entry points to serial_motor_demo.egg-info/entry_points.txt
[0.852s] writing requirements to serial_motor_demo.egg-info/requires.txt
[0.852s] writing top-level names to serial_motor_demo.egg-info/top_level.txt
[0.874s] reading manifest file 'serial_motor_demo.egg-info/SOURCES.txt'
[0.874s] writing manifest file 'serial_motor_demo.egg-info/SOURCES.txt'
[0.886s] running build_ext
[0.886s] Creating /home/yusen/dev_ws/install/serial_motor_demo/lib/python3.12/site-packages/serial-motor-demo.egg-link (link to .)
[0.886s] Installing driver script to /home/yusen/dev_ws/install/serial_motor_demo/lib/serial_motor_demo
[0.886s] Installing gui script to /home/yusen/dev_ws/install/serial_motor_demo/lib/serial_motor_demo
[0.886s] 
[0.886s] Installed /home/yusen/dev_ws/build/serial_motor_demo
[0.886s] running symlink_data
[0.905s] Invoked command in '/home/yusen/dev_ws/build/serial_motor_demo' returned '0': DEBUGINFOD_URLS=https://debuginfod.ubuntu.com PYTHONPATH=/home/yusen/dev_ws/build/serial_motor_demo/prefix_override:/usr/lib/python3/dist-packages/colcon_core/task/python/colcon_distutils_commands:/home/yusen/dev_ws/install/serial_motor_demo/lib/python3.12/site-packages:/home/yusen/dev_ws/install/serial_motor_demo_msgs/lib/python3.12/site-packages:/home/yusen/dev_ws/build/serial_motor_demo:/home/yusen/dev_ws/install/serial_motor_demo/lib/python3.12/site-packages:/opt/ros/jazzy/lib/python3.12/site-packages /usr/bin/python3 -W ignore:setup.py install is deprecated -W ignore:easy_install command is deprecated setup.py develop --editable --build-directory /home/yusen/dev_ws/build/serial_motor_demo/build --no-deps symlink_data
