[0.007s] Invoking command in '/home/yusen/dev_ws/build/my_package': CMAKE_PREFIX_PATH=${CMAKE_PREFIX_PATH}:/opt/ros/jazzy DEBUGINFOD_URLS=https://debuginfod.ubuntu.com /usr/bin/cmake --build /home/yusen/dev_ws/build/my_package -- -j16 -l16
[0.023s] -- Found ament_cmake: 2.5.4 (/opt/ros/jazzy/share/ament_cmake/cmake)
[0.184s] -- Override CMake install command with custom implementation using symlinks instead of copying resources
[0.188s] -- Found ament_lint_auto: 0.17.3 (/opt/ros/jazzy/share/ament_lint_auto/cmake)
[0.249s] -- Added test 'flake8' to check Python code syntax and style conventions
[0.249s] -- Configured 'flake8' exclude dirs and/or files: 
[0.250s] -- Added test 'lint_cmake' to check CMake code style
[0.250s] -- Added test 'pep257' to check Python code against some of the docstring style conventions in PEP 257
[0.250s] -- Added test 'xmllint' to check XML markup files
[0.250s] -- Configuring done (0.2s)
[0.252s] -- Generating done (0.0s)
[0.253s] -- Build files have been written to: /home/yusen/dev_ws/build/my_package
[0.267s] Invoked command in '/home/yusen/dev_ws/build/my_package' returned '0': CMAKE_PREFIX_PATH=${CMAKE_PREFIX_PATH}:/opt/ros/jazzy DEBUGINFOD_URLS=https://debuginfod.ubuntu.com /usr/bin/cmake --build /home/yusen/dev_ws/build/my_package -- -j16 -l16
[0.274s] Invoking command in '/home/yusen/dev_ws/build/my_package': CMAKE_PREFIX_PATH=${CMAKE_PREFIX_PATH}:/opt/ros/jazzy DEBUGINFOD_URLS=https://debuginfod.ubuntu.com /usr/bin/cmake --install /home/yusen/dev_ws/build/my_package
[0.279s] -- Install configuration: ""
[0.279s] -- Execute custom install script
[0.279s] -- Up-to-date symlink: /home/yusen/dev_ws/install/my_package/share/my_package/launch/listener.launch.py
[0.280s] -- Up-to-date symlink: /home/yusen/dev_ws/install/my_package/share/my_package/launch/talker.launch.py
[0.280s] -- Up-to-date symlink: /home/yusen/dev_ws/install/my_package/share/ament_index/resource_index/package_run_dependencies/my_package
[0.280s] -- Up-to-date symlink: /home/yusen/dev_ws/install/my_package/share/ament_index/resource_index/parent_prefix_path/my_package
[0.280s] -- Up-to-date symlink: /home/yusen/dev_ws/install/my_package/share/my_package/environment/ament_prefix_path.sh
[0.281s] -- Up-to-date symlink: /home/yusen/dev_ws/install/my_package/share/my_package/environment/ament_prefix_path.dsv
[0.281s] -- Up-to-date symlink: /home/yusen/dev_ws/install/my_package/share/my_package/environment/path.sh
[0.281s] -- Up-to-date symlink: /home/yusen/dev_ws/install/my_package/share/my_package/environment/path.dsv
[0.281s] -- Up-to-date symlink: /home/yusen/dev_ws/install/my_package/share/my_package/local_setup.bash
[0.281s] -- Up-to-date symlink: /home/yusen/dev_ws/install/my_package/share/my_package/local_setup.sh
[0.281s] -- Up-to-date symlink: /home/yusen/dev_ws/install/my_package/share/my_package/local_setup.zsh
[0.281s] -- Up-to-date symlink: /home/yusen/dev_ws/install/my_package/share/my_package/local_setup.dsv
[0.281s] -- Symlinking: /home/yusen/dev_ws/install/my_package/share/my_package/package.dsv
[0.287s] -- Up-to-date symlink: /home/yusen/dev_ws/install/my_package/share/ament_index/resource_index/packages/my_package
[0.287s] -- Up-to-date symlink: /home/yusen/dev_ws/install/my_package/share/my_package/cmake/my_packageConfig.cmake
[0.287s] -- Up-to-date symlink: /home/yusen/dev_ws/install/my_package/share/my_package/cmake/my_packageConfig-version.cmake
[0.288s] -- Up-to-date symlink: /home/yusen/dev_ws/install/my_package/share/my_package/package.xml
[0.289s] Invoked command in '/home/yusen/dev_ws/build/my_package' returned '0': CMAKE_PREFIX_PATH=${CMAKE_PREFIX_PATH}:/opt/ros/jazzy DEBUGINFOD_URLS=https://debuginfod.ubuntu.com /usr/bin/cmake --install /home/yusen/dev_ws/build/my_package
