[0.009s] Invoking command in '/home/yusen/dev_ws/build/my_package': CMAKE_PREFIX_PATH=${CMAKE_PREFIX_PATH}:/home/yusen/dev_ws/install/serial_motor_demo:/opt/ros/jazzy DEBUGINFOD_URLS=https://debuginfod.ubuntu.com /usr/bin/cmake --build /home/yusen/dev_ws/build/my_package -- -j16 -l16
[0.047s] Invoked command in '/home/yusen/dev_ws/build/my_package' returned '0': CMAKE_PREFIX_PATH=${CMAKE_PREFIX_PATH}:/home/yusen/dev_ws/install/serial_motor_demo:/opt/ros/jazzy DEBUGINFOD_URLS=https://debuginfod.ubuntu.com /usr/bin/cmake --build /home/yusen/dev_ws/build/my_package -- -j16 -l16
[0.048s] Invoking command in '/home/yusen/dev_ws/build/my_package': CMAKE_PREFIX_PATH=${CMAKE_PREFIX_PATH}:/home/yusen/dev_ws/install/serial_motor_demo:/opt/ros/jazzy DEBUGINFOD_URLS=https://debuginfod.ubuntu.com /usr/bin/cmake --install /home/yusen/dev_ws/build/my_package
[0.056s] -- Install configuration: ""
[0.056s] -- Execute custom install script
[0.056s] -- Up-to-date symlink: /home/yusen/dev_ws/install/my_package/share/my_package/launch/listener.launch.py
[0.057s] -- Up-to-date symlink: /home/yusen/dev_ws/install/my_package/share/my_package/launch/talker.launch.py
[0.057s] -- Up-to-date symlink: /home/yusen/dev_ws/install/my_package/share/ament_index/resource_index/package_run_dependencies/my_package
[0.057s] -- Up-to-date symlink: /home/yusen/dev_ws/install/my_package/share/ament_index/resource_index/parent_prefix_path/my_package
[0.057s] -- Up-to-date symlink: /home/yusen/dev_ws/install/my_package/share/my_package/environment/ament_prefix_path.sh
[0.057s] -- Up-to-date symlink: /home/yusen/dev_ws/install/my_package/share/my_package/environment/ament_prefix_path.dsv
[0.058s] -- Up-to-date symlink: /home/yusen/dev_ws/install/my_package/share/my_package/environment/path.sh
[0.058s] -- Up-to-date symlink: /home/yusen/dev_ws/install/my_package/share/my_package/environment/path.dsv
[0.058s] -- Up-to-date symlink: /home/yusen/dev_ws/install/my_package/share/my_package/local_setup.bash
[0.058s] -- Up-to-date symlink: /home/yusen/dev_ws/install/my_package/share/my_package/local_setup.sh
[0.058s] -- Up-to-date symlink: /home/yusen/dev_ws/install/my_package/share/my_package/local_setup.zsh
[0.058s] -- Up-to-date symlink: /home/yusen/dev_ws/install/my_package/share/my_package/local_setup.dsv
[0.058s] -- Symlinking: /home/yusen/dev_ws/install/my_package/share/my_package/package.dsv
[0.068s] -- Up-to-date symlink: /home/yusen/dev_ws/install/my_package/share/ament_index/resource_index/packages/my_package
[0.068s] -- Up-to-date symlink: /home/yusen/dev_ws/install/my_package/share/my_package/cmake/my_packageConfig.cmake
[0.069s] -- Up-to-date symlink: /home/yusen/dev_ws/install/my_package/share/my_package/cmake/my_packageConfig-version.cmake
[0.069s] -- Up-to-date symlink: /home/yusen/dev_ws/install/my_package/share/my_package/package.xml
[0.074s] Invoked command in '/home/yusen/dev_ws/build/my_package' returned '0': CMAKE_PREFIX_PATH=${CMAKE_PREFIX_PATH}:/home/yusen/dev_ws/install/serial_motor_demo:/opt/ros/jazzy DEBUGINFOD_URLS=https://debuginfod.ubuntu.com /usr/bin/cmake --install /home/yusen/dev_ws/build/my_package
