[0.005s] Invoking command in '/home/yusen/dev_ws/build/my_bot': DEBUGINFOD_URLS=https://debuginfod.ubuntu.com /usr/bin/cmake --build /home/yusen/dev_ws/build/my_bot -- -j16 -l16
[0.022s] -- Found ament_cmake: 2.5.4 (/opt/ros/jazzy/share/ament_cmake/cmake)
[1.534s] Traceback (most recent call last):
[1.534s]   File "/opt/ros/jazzy/share/ament_cmake_core/cmake/package_templates/templates_2_cmake.py", line 21, in <module>
[1.534s]     from ament_package.templates import get_environment_hook_template_path
[1.535s] ModuleNotFoundError: No module named 'ament_package'
[1.557s] [31mCMake Error at /opt/ros/jazzy/share/ament_cmake_core/cmake/ament_cmake_package_templates-extras.cmake:41 (message):
[1.557s]   execute_process(/usr/bin/python3
[1.557s]   /opt/ros/jazzy/share/ament_cmake_core/cmake/package_templates/templates_2_cmake.py
[1.558s]   /home/yusen/dev_ws/build/my_bot/ament_cmake_package_templates/templates.cmake)
[1.558s]   returned error code 1
[1.558s] Call Stack (most recent call first):
[1.558s]   /opt/ros/jazzy/share/ament_cmake_core/cmake/ament_cmake_coreConfig.cmake:41 (include)
[1.558s]   /opt/ros/jazzy/share/ament_cmake/cmake/ament_cmake_export_dependencies-extras.cmake:15 (find_package)
[1.559s]   /opt/ros/jazzy/share/ament_cmake/cmake/ament_cmakeConfig.cmake:41 (include)
[1.559s]   CMakeLists.txt:19 (find_package)
[1.559s] 
[1.559s] [0m
[1.559s] -- Configuring incomplete, errors occurred!
[1.560s] gmake: *** [Makefile:226: cmake_check_build_system] Error 1
