[0.007s] Invoking command in '/home/yusen/dev_ws/build/my_bot': CMAKE_PREFIX_PATH=${CMAKE_PREFIX_PATH}:/opt/ros/jazzy DEBUGINFOD_URLS=https://debuginfod.ubuntu.com /usr/bin/cmake --build /home/yusen/dev_ws/build/my_bot -- -j16 -l16
[0.028s] -- Found ament_cmake: 2.5.4 (/opt/ros/jazzy/share/ament_cmake/cmake)
[0.179s] -- Override CMake install command with custom implementation using symlinks instead of copying resources
[0.183s] -- Found ament_lint_auto: 0.17.3 (/opt/ros/jazzy/share/ament_lint_auto/cmake)
[0.251s] -- Added test 'copyright' to check source files copyright and LICENSE
[0.252s] -- Added test 'flake8' to check Python code syntax and style conventions
[0.252s] -- Configured 'flake8' exclude dirs and/or files: 
[0.253s] -- Added test 'lint_cmake' to check CMake code style
[0.253s] -- Added test 'pep257' to check Python code against some of the docstring style conventions in PEP 257
[0.253s] -- Added test 'xmllint' to check XML markup files
[0.254s] -- Configuring done (0.2s)
[0.255s] -- Generating done (0.0s)
[0.256s] -- Build files have been written to: /home/yusen/dev_ws/build/my_bot
[0.278s] Invoked command in '/home/yusen/dev_ws/build/my_bot' returned '0': CMAKE_PREFIX_PATH=${CMAKE_PREFIX_PATH}:/opt/ros/jazzy DEBUGINFOD_URLS=https://debuginfod.ubuntu.com /usr/bin/cmake --build /home/yusen/dev_ws/build/my_bot -- -j16 -l16
[0.278s] Invoking command in '/home/yusen/dev_ws/build/my_bot': CMAKE_PREFIX_PATH=${CMAKE_PREFIX_PATH}:/opt/ros/jazzy DEBUGINFOD_URLS=https://debuginfod.ubuntu.com /usr/bin/cmake --install /home/yusen/dev_ws/build/my_bot
[0.283s] -- Install configuration: ""
[0.284s] -- Execute custom install script
[0.284s] -- Up-to-date symlink: /home/yusen/dev_ws/install/my_bot/share/my_bot/config/diff_controller.yaml
[0.284s] -- Up-to-date symlink: /home/yusen/dev_ws/install/my_bot/share/my_bot/config/empty.yaml
[0.284s] -- Up-to-date symlink: /home/yusen/dev_ws/install/my_bot/share/my_bot/config/my_controllers.yaml
[0.285s] -- Up-to-date symlink: /home/yusen/dev_ws/install/my_bot/share/my_bot/description/inertial_macros.xacro
[0.285s] -- Up-to-date symlink: /home/yusen/dev_ws/install/my_bot/share/my_bot/description/robot.urdf.xacro
[0.285s] -- Up-to-date symlink: /home/yusen/dev_ws/install/my_bot/share/my_bot/description/robot_core.xacro
[0.285s] -- Up-to-date symlink: /home/yusen/dev_ws/install/my_bot/share/my_bot/description/ros2_control.xacro
[0.285s] -- Up-to-date symlink: /home/yusen/dev_ws/install/my_bot/share/my_bot/launch/gz_sim.launch.py
[0.285s] -- Up-to-date symlink: /home/yusen/dev_ws/install/my_bot/share/my_bot/launch/rsp.launch.py
[0.285s] -- Up-to-date symlink: /home/yusen/dev_ws/install/my_bot/share/my_bot/worlds/empty.world
[0.285s] -- Up-to-date symlink: /home/yusen/dev_ws/install/my_bot/share/ament_index/resource_index/package_run_dependencies/my_bot
[0.285s] -- Up-to-date symlink: /home/yusen/dev_ws/install/my_bot/share/ament_index/resource_index/parent_prefix_path/my_bot
[0.285s] -- Up-to-date symlink: /home/yusen/dev_ws/install/my_bot/share/my_bot/environment/ament_prefix_path.sh
[0.285s] -- Up-to-date symlink: /home/yusen/dev_ws/install/my_bot/share/my_bot/environment/ament_prefix_path.dsv
[0.285s] -- Up-to-date symlink: /home/yusen/dev_ws/install/my_bot/share/my_bot/environment/path.sh
[0.285s] -- Up-to-date symlink: /home/yusen/dev_ws/install/my_bot/share/my_bot/environment/path.dsv
[0.286s] -- Up-to-date symlink: /home/yusen/dev_ws/install/my_bot/share/my_bot/local_setup.bash
[0.286s] -- Up-to-date symlink: /home/yusen/dev_ws/install/my_bot/share/my_bot/local_setup.sh
[0.286s] -- Up-to-date symlink: /home/yusen/dev_ws/install/my_bot/share/my_bot/local_setup.zsh
[0.286s] -- Up-to-date symlink: /home/yusen/dev_ws/install/my_bot/share/my_bot/local_setup.dsv
[0.286s] -- Symlinking: /home/yusen/dev_ws/install/my_bot/share/my_bot/package.dsv
[0.292s] -- Up-to-date symlink: /home/yusen/dev_ws/install/my_bot/share/ament_index/resource_index/packages/my_bot
[0.292s] -- Up-to-date symlink: /home/yusen/dev_ws/install/my_bot/share/my_bot/cmake/my_botConfig.cmake
[0.292s] -- Up-to-date symlink: /home/yusen/dev_ws/install/my_bot/share/my_bot/cmake/my_botConfig-version.cmake
[0.293s] -- Up-to-date symlink: /home/yusen/dev_ws/install/my_bot/share/my_bot/package.xml
[0.302s] Invoked command in '/home/yusen/dev_ws/build/my_bot' returned '0': CMAKE_PREFIX_PATH=${CMAKE_PREFIX_PATH}:/opt/ros/jazzy DEBUGINFOD_URLS=https://debuginfod.ubuntu.com /usr/bin/cmake --install /home/yusen/dev_ws/build/my_bot
