[0.090s] DEBUG:colcon:Command line arguments: ['/usr/bin/colcon', 'build', '--symlink-install']
[0.090s] DEBUG:colcon:Parsed command line arguments: Namespace(log_base=None, log_level=None, verb_name='build', build_base='build', install_base='install', merge_install=False, symlink_install=True, test_result_base=None, continue_on_error=False, executor='parallel', parallel_workers=16, event_handlers=None, ignore_user_meta=False, metas=['./colcon.meta'], base_paths=['.'], packages_ignore=None, packages_ignore_regex=None, paths=None, packages_up_to=None, packages_up_to_regex=None, packages_above=None, packages_above_and_dependencies=None, packages_above_depth=None, packages_select_by_dep=None, packages_skip_by_dep=None, packages_skip_up_to=None, packages_select_build_failed=False, packages_skip_build_finished=False, packages_select_test_failures=False, packages_skip_test_passed=False, packages_select=None, packages_skip=None, packages_select_regex=None, packages_skip_regex=None, packages_start=None, packages_end=None, allow_overriding=[], cmake_args=None, cmake_target=None, cmake_target_skip_unavailable=False, cmake_clean_cache=False, cmake_clean_first=False, cmake_force_configure=False, ament_cmake_args=None, catkin_cmake_args=None, catkin_skip_building_tests=False, mixin_files=None, mixin=None, verb_parser=<colcon_mixin.mixin.mixin_argument.MixinArgumentDecorator object at 0x70e9aaacef60>, verb_extension=<colcon_core.verb.build.BuildVerb object at 0x70e9aa987e00>, main=<bound method BuildVerb.main of <colcon_core.verb.build.BuildVerb object at 0x70e9aa987e00>>, mixin_verb=('build',))
[0.122s] Level 1:colcon.colcon_core.package_discovery:discover_packages(colcon_meta) check parameters
[0.122s] Level 1:colcon.colcon_core.package_discovery:discover_packages(recursive) check parameters
[0.122s] Level 1:colcon.colcon_core.package_discovery:discover_packages(ignore) check parameters
[0.122s] Level 1:colcon.colcon_core.package_discovery:discover_packages(path) check parameters
[0.122s] Level 1:colcon.colcon_core.package_discovery:discover_packages(colcon_meta) discover
[0.122s] Level 1:colcon.colcon_core.package_discovery:discover_packages(recursive) discover
[0.122s] INFO:colcon.colcon_core.package_discovery:Crawling recursively for packages in '/home/yusen/dev_ws'
[0.123s] Level 1:colcon.colcon_core.package_identification:_identify(.) by extensions ['ignore', 'ignore_ament_install']
[0.123s] Level 1:colcon.colcon_core.package_identification:_identify(.) by extension 'ignore'
[0.123s] Level 1:colcon.colcon_core.package_identification:_identify(.) by extension 'ignore_ament_install'
[0.123s] Level 1:colcon.colcon_core.package_identification:_identify(.) by extensions ['colcon_pkg']
[0.123s] Level 1:colcon.colcon_core.package_identification:_identify(.) by extension 'colcon_pkg'
[0.123s] Level 1:colcon.colcon_core.package_identification:_identify(.) by extensions ['colcon_meta']
[0.123s] Level 1:colcon.colcon_core.package_identification:_identify(.) by extension 'colcon_meta'
[0.123s] Level 1:colcon.colcon_core.package_identification:_identify(.) by extensions ['ros']
[0.123s] Level 1:colcon.colcon_core.package_identification:_identify(.) by extension 'ros'
[0.141s] Level 1:colcon.colcon_core.package_identification:_identify(.) by extensions ['cmake', 'python']
[0.141s] Level 1:colcon.colcon_core.package_identification:_identify(.) by extension 'cmake'
[0.141s] Level 1:colcon.colcon_core.package_identification:_identify(.) by extension 'python'
[0.141s] Level 1:colcon.colcon_core.package_identification:_identify(.) by extensions ['python_setup_py']
[0.141s] Level 1:colcon.colcon_core.package_identification:_identify(.) by extension 'python_setup_py'
[0.141s] Level 1:colcon.colcon_core.package_identification:_identify(build) by extensions ['ignore', 'ignore_ament_install']
[0.141s] Level 1:colcon.colcon_core.package_identification:_identify(build) by extension 'ignore'
[0.141s] Level 1:colcon.colcon_core.package_identification:_identify(build) ignored
[0.141s] Level 1:colcon.colcon_core.package_identification:_identify(install) by extensions ['ignore', 'ignore_ament_install']
[0.142s] Level 1:colcon.colcon_core.package_identification:_identify(install) by extension 'ignore'
[0.142s] Level 1:colcon.colcon_core.package_identification:_identify(install) ignored
[0.142s] Level 1:colcon.colcon_core.package_identification:_identify(log) by extensions ['ignore', 'ignore_ament_install']
[0.142s] Level 1:colcon.colcon_core.package_identification:_identify(log) by extension 'ignore'
[0.142s] Level 1:colcon.colcon_core.package_identification:_identify(log) ignored
[0.142s] Level 1:colcon.colcon_core.package_identification:_identify(src) by extensions ['ignore', 'ignore_ament_install']
[0.142s] Level 1:colcon.colcon_core.package_identification:_identify(src) by extension 'ignore'
[0.142s] Level 1:colcon.colcon_core.package_identification:_identify(src) by extension 'ignore_ament_install'
[0.142s] Level 1:colcon.colcon_core.package_identification:_identify(src) by extensions ['colcon_pkg']
[0.142s] Level 1:colcon.colcon_core.package_identification:_identify(src) by extension 'colcon_pkg'
[0.142s] Level 1:colcon.colcon_core.package_identification:_identify(src) by extensions ['colcon_meta']
[0.142s] Level 1:colcon.colcon_core.package_identification:_identify(src) by extension 'colcon_meta'
[0.142s] Level 1:colcon.colcon_core.package_identification:_identify(src) by extensions ['ros']
[0.142s] Level 1:colcon.colcon_core.package_identification:_identify(src) by extension 'ros'
[0.142s] Level 1:colcon.colcon_core.package_identification:_identify(src) by extensions ['cmake', 'python']
[0.142s] Level 1:colcon.colcon_core.package_identification:_identify(src) by extension 'cmake'
[0.142s] Level 1:colcon.colcon_core.package_identification:_identify(src) by extension 'python'
[0.142s] Level 1:colcon.colcon_core.package_identification:_identify(src) by extensions ['python_setup_py']
[0.142s] Level 1:colcon.colcon_core.package_identification:_identify(src) by extension 'python_setup_py'
[0.142s] Level 1:colcon.colcon_core.package_identification:_identify(src/my_bot) by extensions ['ignore', 'ignore_ament_install']
[0.142s] Level 1:colcon.colcon_core.package_identification:_identify(src/my_bot) by extension 'ignore'
[0.142s] Level 1:colcon.colcon_core.package_identification:_identify(src/my_bot) by extension 'ignore_ament_install'
[0.142s] Level 1:colcon.colcon_core.package_identification:_identify(src/my_bot) by extensions ['colcon_pkg']
[0.142s] Level 1:colcon.colcon_core.package_identification:_identify(src/my_bot) by extension 'colcon_pkg'
[0.142s] Level 1:colcon.colcon_core.package_identification:_identify(src/my_bot) by extensions ['colcon_meta']
[0.142s] Level 1:colcon.colcon_core.package_identification:_identify(src/my_bot) by extension 'colcon_meta'
[0.142s] Level 1:colcon.colcon_core.package_identification:_identify(src/my_bot) by extensions ['ros']
[0.142s] Level 1:colcon.colcon_core.package_identification:_identify(src/my_bot) by extension 'ros'
[0.144s] DEBUG:colcon.colcon_core.package_identification:Package 'src/my_bot' with type 'ros.ament_cmake' and name 'my_bot'
[0.144s] Level 1:colcon.colcon_core.package_identification:_identify(src/my_package) by extensions ['ignore', 'ignore_ament_install']
[0.144s] Level 1:colcon.colcon_core.package_identification:_identify(src/my_package) by extension 'ignore'
[0.144s] Level 1:colcon.colcon_core.package_identification:_identify(src/my_package) by extension 'ignore_ament_install'
[0.144s] Level 1:colcon.colcon_core.package_identification:_identify(src/my_package) by extensions ['colcon_pkg']
[0.144s] Level 1:colcon.colcon_core.package_identification:_identify(src/my_package) by extension 'colcon_pkg'
[0.144s] Level 1:colcon.colcon_core.package_identification:_identify(src/my_package) by extensions ['colcon_meta']
[0.144s] Level 1:colcon.colcon_core.package_identification:_identify(src/my_package) by extension 'colcon_meta'
[0.144s] Level 1:colcon.colcon_core.package_identification:_identify(src/my_package) by extensions ['ros']
[0.144s] Level 1:colcon.colcon_core.package_identification:_identify(src/my_package) by extension 'ros'
[0.145s] DEBUG:colcon.colcon_core.package_identification:Package 'src/my_package' with type 'ros.ament_cmake' and name 'my_package'
[0.145s] Level 1:colcon.colcon_core.package_identification:_identify(src/serial_motor_demo) by extensions ['ignore', 'ignore_ament_install']
[0.145s] Level 1:colcon.colcon_core.package_identification:_identify(src/serial_motor_demo) by extension 'ignore'
[0.145s] Level 1:colcon.colcon_core.package_identification:_identify(src/serial_motor_demo) by extension 'ignore_ament_install'
[0.145s] Level 1:colcon.colcon_core.package_identification:_identify(src/serial_motor_demo) by extensions ['colcon_pkg']
[0.145s] Level 1:colcon.colcon_core.package_identification:_identify(src/serial_motor_demo) by extension 'colcon_pkg'
[0.145s] Level 1:colcon.colcon_core.package_identification:_identify(src/serial_motor_demo) by extensions ['colcon_meta']
[0.145s] Level 1:colcon.colcon_core.package_identification:_identify(src/serial_motor_demo) by extension 'colcon_meta'
[0.145s] Level 1:colcon.colcon_core.package_identification:_identify(src/serial_motor_demo) by extensions ['ros']
[0.145s] Level 1:colcon.colcon_core.package_identification:_identify(src/serial_motor_demo) by extension 'ros'
[0.145s] Level 1:colcon.colcon_core.package_identification:_identify(src/serial_motor_demo) by extensions ['cmake', 'python']
[0.145s] Level 1:colcon.colcon_core.package_identification:_identify(src/serial_motor_demo) by extension 'cmake'
[0.145s] Level 1:colcon.colcon_core.package_identification:_identify(src/serial_motor_demo) by extension 'python'
[0.145s] Level 1:colcon.colcon_core.package_identification:_identify(src/serial_motor_demo) by extensions ['python_setup_py']
[0.145s] Level 1:colcon.colcon_core.package_identification:_identify(src/serial_motor_demo) by extension 'python_setup_py'
[0.145s] Level 1:colcon.colcon_core.package_identification:_identify(src/serial_motor_demo/serial_motor_demo) by extensions ['ignore', 'ignore_ament_install']
[0.145s] Level 1:colcon.colcon_core.package_identification:_identify(src/serial_motor_demo/serial_motor_demo) by extension 'ignore'
[0.145s] Level 1:colcon.colcon_core.package_identification:_identify(src/serial_motor_demo/serial_motor_demo) by extension 'ignore_ament_install'
[0.145s] Level 1:colcon.colcon_core.package_identification:_identify(src/serial_motor_demo/serial_motor_demo) by extensions ['colcon_pkg']
[0.145s] Level 1:colcon.colcon_core.package_identification:_identify(src/serial_motor_demo/serial_motor_demo) by extension 'colcon_pkg'
[0.145s] Level 1:colcon.colcon_core.package_identification:_identify(src/serial_motor_demo/serial_motor_demo) by extensions ['colcon_meta']
[0.145s] Level 1:colcon.colcon_core.package_identification:_identify(src/serial_motor_demo/serial_motor_demo) by extension 'colcon_meta'
[0.145s] Level 1:colcon.colcon_core.package_identification:_identify(src/serial_motor_demo/serial_motor_demo) by extensions ['ros']
[0.145s] Level 1:colcon.colcon_core.package_identification:_identify(src/serial_motor_demo/serial_motor_demo) by extension 'ros'
[0.146s] DEBUG:colcon.colcon_core.package_identification:Package 'src/serial_motor_demo/serial_motor_demo' with type 'ros.ament_python' and name 'serial_motor_demo'
[0.146s] Level 1:colcon.colcon_core.package_identification:_identify(src/serial_motor_demo/serial_motor_demo_msgs) by extensions ['ignore', 'ignore_ament_install']
[0.146s] Level 1:colcon.colcon_core.package_identification:_identify(src/serial_motor_demo/serial_motor_demo_msgs) by extension 'ignore'
[0.146s] Level 1:colcon.colcon_core.package_identification:_identify(src/serial_motor_demo/serial_motor_demo_msgs) by extension 'ignore_ament_install'
[0.146s] Level 1:colcon.colcon_core.package_identification:_identify(src/serial_motor_demo/serial_motor_demo_msgs) by extensions ['colcon_pkg']
[0.146s] Level 1:colcon.colcon_core.package_identification:_identify(src/serial_motor_demo/serial_motor_demo_msgs) by extension 'colcon_pkg'
[0.146s] Level 1:colcon.colcon_core.package_identification:_identify(src/serial_motor_demo/serial_motor_demo_msgs) by extensions ['colcon_meta']
[0.146s] Level 1:colcon.colcon_core.package_identification:_identify(src/serial_motor_demo/serial_motor_demo_msgs) by extension 'colcon_meta'
[0.146s] Level 1:colcon.colcon_core.package_identification:_identify(src/serial_motor_demo/serial_motor_demo_msgs) by extensions ['ros']
[0.146s] Level 1:colcon.colcon_core.package_identification:_identify(src/serial_motor_demo/serial_motor_demo_msgs) by extension 'ros'
[0.146s] DEBUG:colcon.colcon_core.package_identification:Package 'src/serial_motor_demo/serial_motor_demo_msgs' with type 'ros.ament_cmake' and name 'serial_motor_demo_msgs'
[0.146s] Level 1:colcon.colcon_core.package_discovery:discover_packages(recursive) using defaults
[0.146s] Level 1:colcon.colcon_core.package_discovery:discover_packages(ignore) discover
[0.146s] Level 1:colcon.colcon_core.package_discovery:discover_packages(ignore) using defaults
[0.146s] Level 1:colcon.colcon_core.package_discovery:discover_packages(path) discover
[0.146s] Level 1:colcon.colcon_core.package_discovery:discover_packages(path) using defaults
[0.160s] Level 1:colcon.colcon_core.package_discovery:discover_packages(prefix_path) check parameters
[0.160s] Level 1:colcon.colcon_core.package_discovery:discover_packages(prefix_path) discover
[0.162s] DEBUG:colcon.colcon_installed_package_information.package_discovery:Found 366 installed packages in /opt/ros/jazzy
[0.163s] Level 1:colcon.colcon_core.package_discovery:discover_packages(prefix_path) using defaults
[0.190s] Level 5:colcon.colcon_core.verb:set package 'my_bot' build argument 'cmake_args' from command line to 'None'
[0.190s] Level 5:colcon.colcon_core.verb:set package 'my_bot' build argument 'cmake_target' from command line to 'None'
[0.190s] Level 5:colcon.colcon_core.verb:set package 'my_bot' build argument 'cmake_target_skip_unavailable' from command line to 'False'
[0.190s] Level 5:colcon.colcon_core.verb:set package 'my_bot' build argument 'cmake_clean_cache' from command line to 'False'
[0.190s] Level 5:colcon.colcon_core.verb:set package 'my_bot' build argument 'cmake_clean_first' from command line to 'False'
[0.190s] Level 5:colcon.colcon_core.verb:set package 'my_bot' build argument 'cmake_force_configure' from command line to 'False'
[0.190s] Level 5:colcon.colcon_core.verb:set package 'my_bot' build argument 'ament_cmake_args' from command line to 'None'
[0.190s] Level 5:colcon.colcon_core.verb:set package 'my_bot' build argument 'catkin_cmake_args' from command line to 'None'
[0.190s] Level 5:colcon.colcon_core.verb:set package 'my_bot' build argument 'catkin_skip_building_tests' from command line to 'False'
[0.190s] DEBUG:colcon.colcon_core.verb:Building package 'my_bot' with the following arguments: {'ament_cmake_args': None, 'build_base': '/home/yusen/dev_ws/build/my_bot', 'catkin_cmake_args': None, 'catkin_skip_building_tests': False, 'cmake_args': None, 'cmake_clean_cache': False, 'cmake_clean_first': False, 'cmake_force_configure': False, 'cmake_target': None, 'cmake_target_skip_unavailable': False, 'install_base': '/home/yusen/dev_ws/install/my_bot', 'merge_install': False, 'path': '/home/yusen/dev_ws/src/my_bot', 'symlink_install': True, 'test_result_base': None}
[0.191s] Level 5:colcon.colcon_core.verb:set package 'my_package' build argument 'cmake_args' from command line to 'None'
[0.191s] Level 5:colcon.colcon_core.verb:set package 'my_package' build argument 'cmake_target' from command line to 'None'
[0.191s] Level 5:colcon.colcon_core.verb:set package 'my_package' build argument 'cmake_target_skip_unavailable' from command line to 'False'
[0.191s] Level 5:colcon.colcon_core.verb:set package 'my_package' build argument 'cmake_clean_cache' from command line to 'False'
[0.191s] Level 5:colcon.colcon_core.verb:set package 'my_package' build argument 'cmake_clean_first' from command line to 'False'
[0.191s] Level 5:colcon.colcon_core.verb:set package 'my_package' build argument 'cmake_force_configure' from command line to 'False'
[0.191s] Level 5:colcon.colcon_core.verb:set package 'my_package' build argument 'ament_cmake_args' from command line to 'None'
[0.191s] Level 5:colcon.colcon_core.verb:set package 'my_package' build argument 'catkin_cmake_args' from command line to 'None'
[0.191s] Level 5:colcon.colcon_core.verb:set package 'my_package' build argument 'catkin_skip_building_tests' from command line to 'False'
[0.191s] DEBUG:colcon.colcon_core.verb:Building package 'my_package' with the following arguments: {'ament_cmake_args': None, 'build_base': '/home/yusen/dev_ws/build/my_package', 'catkin_cmake_args': None, 'catkin_skip_building_tests': False, 'cmake_args': None, 'cmake_clean_cache': False, 'cmake_clean_first': False, 'cmake_force_configure': False, 'cmake_target': None, 'cmake_target_skip_unavailable': False, 'install_base': '/home/yusen/dev_ws/install/my_package', 'merge_install': False, 'path': '/home/yusen/dev_ws/src/my_package', 'symlink_install': True, 'test_result_base': None}
[0.191s] Level 5:colcon.colcon_core.verb:set package 'serial_motor_demo_msgs' build argument 'cmake_args' from command line to 'None'
[0.191s] Level 5:colcon.colcon_core.verb:set package 'serial_motor_demo_msgs' build argument 'cmake_target' from command line to 'None'
[0.191s] Level 5:colcon.colcon_core.verb:set package 'serial_motor_demo_msgs' build argument 'cmake_target_skip_unavailable' from command line to 'False'
[0.191s] Level 5:colcon.colcon_core.verb:set package 'serial_motor_demo_msgs' build argument 'cmake_clean_cache' from command line to 'False'
[0.191s] Level 5:colcon.colcon_core.verb:set package 'serial_motor_demo_msgs' build argument 'cmake_clean_first' from command line to 'False'
[0.191s] Level 5:colcon.colcon_core.verb:set package 'serial_motor_demo_msgs' build argument 'cmake_force_configure' from command line to 'False'
[0.191s] Level 5:colcon.colcon_core.verb:set package 'serial_motor_demo_msgs' build argument 'ament_cmake_args' from command line to 'None'
[0.191s] Level 5:colcon.colcon_core.verb:set package 'serial_motor_demo_msgs' build argument 'catkin_cmake_args' from command line to 'None'
[0.191s] Level 5:colcon.colcon_core.verb:set package 'serial_motor_demo_msgs' build argument 'catkin_skip_building_tests' from command line to 'False'
[0.191s] DEBUG:colcon.colcon_core.verb:Building package 'serial_motor_demo_msgs' with the following arguments: {'ament_cmake_args': None, 'build_base': '/home/yusen/dev_ws/build/serial_motor_demo_msgs', 'catkin_cmake_args': None, 'catkin_skip_building_tests': False, 'cmake_args': None, 'cmake_clean_cache': False, 'cmake_clean_first': False, 'cmake_force_configure': False, 'cmake_target': None, 'cmake_target_skip_unavailable': False, 'install_base': '/home/yusen/dev_ws/install/serial_motor_demo_msgs', 'merge_install': False, 'path': '/home/yusen/dev_ws/src/serial_motor_demo/serial_motor_demo_msgs', 'symlink_install': True, 'test_result_base': None}
[0.191s] Level 5:colcon.colcon_core.verb:set package 'serial_motor_demo' build argument 'cmake_args' from command line to 'None'
[0.191s] Level 5:colcon.colcon_core.verb:set package 'serial_motor_demo' build argument 'cmake_target' from command line to 'None'
[0.191s] Level 5:colcon.colcon_core.verb:set package 'serial_motor_demo' build argument 'cmake_target_skip_unavailable' from command line to 'False'
[0.191s] Level 5:colcon.colcon_core.verb:set package 'serial_motor_demo' build argument 'cmake_clean_cache' from command line to 'False'
[0.191s] Level 5:colcon.colcon_core.verb:set package 'serial_motor_demo' build argument 'cmake_clean_first' from command line to 'False'
[0.191s] Level 5:colcon.colcon_core.verb:set package 'serial_motor_demo' build argument 'cmake_force_configure' from command line to 'False'
[0.191s] Level 5:colcon.colcon_core.verb:set package 'serial_motor_demo' build argument 'ament_cmake_args' from command line to 'None'
[0.191s] Level 5:colcon.colcon_core.verb:set package 'serial_motor_demo' build argument 'catkin_cmake_args' from command line to 'None'
[0.191s] Level 5:colcon.colcon_core.verb:set package 'serial_motor_demo' build argument 'catkin_skip_building_tests' from command line to 'False'
[0.191s] DEBUG:colcon.colcon_core.verb:Building package 'serial_motor_demo' with the following arguments: {'ament_cmake_args': None, 'build_base': '/home/yusen/dev_ws/build/serial_motor_demo', 'catkin_cmake_args': None, 'catkin_skip_building_tests': False, 'cmake_args': None, 'cmake_clean_cache': False, 'cmake_clean_first': False, 'cmake_force_configure': False, 'cmake_target': None, 'cmake_target_skip_unavailable': False, 'install_base': '/home/yusen/dev_ws/install/serial_motor_demo', 'merge_install': False, 'path': '/home/yusen/dev_ws/src/serial_motor_demo/serial_motor_demo', 'symlink_install': True, 'test_result_base': None}
[0.191s] INFO:colcon.colcon_core.executor:Executing jobs using 'parallel' executor
[0.192s] DEBUG:colcon.colcon_parallel_executor.executor.parallel:run_until_complete
[0.192s] INFO:colcon.colcon_ros.task.ament_cmake.build:Building ROS package in '/home/yusen/dev_ws/src/serial_motor_demo/serial_motor_demo_msgs' with build type 'ament_cmake'
[0.193s] INFO:colcon.colcon_cmake.task.cmake.build:Building CMake package in '/home/yusen/dev_ws/src/serial_motor_demo/serial_motor_demo_msgs'
[0.198s] INFO:colcon.colcon_core.plugin_system:Skipping extension 'colcon_core.shell.bat': Not used on non-Windows systems
[0.198s] INFO:colcon.colcon_core.shell:Skip shell extension 'powershell' for command environment: Not usable outside of PowerShell
[0.198s] DEBUG:colcon.colcon_core.shell:Skip shell extension 'dsv' for command environment
[0.202s] INFO:colcon.colcon_ros.task.ament_cmake.build:Building ROS package in '/home/yusen/dev_ws/src/my_bot' with build type 'ament_cmake'
[0.202s] INFO:colcon.colcon_cmake.task.cmake.build:Building CMake package in '/home/yusen/dev_ws/src/my_bot'
[0.202s] INFO:colcon.colcon_core.shell:Skip shell extension 'powershell' for command environment: Not usable outside of PowerShell
[0.202s] DEBUG:colcon.colcon_core.shell:Skip shell extension 'dsv' for command environment
[0.205s] INFO:colcon.colcon_ros.task.ament_cmake.build:Building ROS package in '/home/yusen/dev_ws/src/my_package' with build type 'ament_cmake'
[0.205s] INFO:colcon.colcon_cmake.task.cmake.build:Building CMake package in '/home/yusen/dev_ws/src/my_package'
[0.205s] INFO:colcon.colcon_core.shell:Skip shell extension 'powershell' for command environment: Not usable outside of PowerShell
[0.205s] DEBUG:colcon.colcon_core.shell:Skip shell extension 'dsv' for command environment
[0.211s] DEBUG:colcon.colcon_core.event_handler.log_command:Invoking command in '/home/yusen/dev_ws/build/serial_motor_demo_msgs': CMAKE_PREFIX_PATH=${CMAKE_PREFIX_PATH}:/opt/ros/jazzy DEBUGINFOD_URLS=https://debuginfod.ubuntu.com /usr/bin/cmake /home/yusen/dev_ws/src/serial_motor_demo/serial_motor_demo_msgs -DAMENT_CMAKE_SYMLINK_INSTALL=1 -DCMAKE_INSTALL_PREFIX=/home/yusen/dev_ws/install/serial_motor_demo_msgs
[0.214s] DEBUG:colcon.colcon_core.event_handler.log_command:Invoking command in '/home/yusen/dev_ws/build/my_bot': CMAKE_PREFIX_PATH=${CMAKE_PREFIX_PATH}:/opt/ros/jazzy DEBUGINFOD_URLS=https://debuginfod.ubuntu.com /usr/bin/cmake --build /home/yusen/dev_ws/build/my_bot -- -j16 -l16
[0.222s] DEBUG:colcon.colcon_core.event_handler.log_command:Invoking command in '/home/yusen/dev_ws/build/my_package': CMAKE_PREFIX_PATH=${CMAKE_PREFIX_PATH}:/opt/ros/jazzy DEBUGINFOD_URLS=https://debuginfod.ubuntu.com /usr/bin/cmake --build /home/yusen/dev_ws/build/my_package -- -j16 -l16
[0.303s] DEBUG:colcon.colcon_core.event_handler.log_command:Invoked command in '/home/yusen/dev_ws/build/my_bot' returned '0': CMAKE_PREFIX_PATH=${CMAKE_PREFIX_PATH}:/opt/ros/jazzy DEBUGINFOD_URLS=https://debuginfod.ubuntu.com /usr/bin/cmake --build /home/yusen/dev_ws/build/my_bot -- -j16 -l16
[0.322s] DEBUG:colcon.colcon_core.event_handler.log_command:Invoking command in '/home/yusen/dev_ws/build/my_bot': CMAKE_PREFIX_PATH=${CMAKE_PREFIX_PATH}:/opt/ros/jazzy DEBUGINFOD_URLS=https://debuginfod.ubuntu.com /usr/bin/cmake --install /home/yusen/dev_ws/build/my_bot
[0.324s] DEBUG:colcon.colcon_core.event_handler.log_command:Invoked command in '/home/yusen/dev_ws/build/my_package' returned '0': CMAKE_PREFIX_PATH=${CMAKE_PREFIX_PATH}:/opt/ros/jazzy DEBUGINFOD_URLS=https://debuginfod.ubuntu.com /usr/bin/cmake --build /home/yusen/dev_ws/build/my_package -- -j16 -l16
[0.326s] DEBUG:colcon.colcon_core.event_handler.log_command:Invoking command in '/home/yusen/dev_ws/build/my_package': CMAKE_PREFIX_PATH=${CMAKE_PREFIX_PATH}:/opt/ros/jazzy DEBUGINFOD_URLS=https://debuginfod.ubuntu.com /usr/bin/cmake --install /home/yusen/dev_ws/build/my_package
[0.368s] Level 1:colcon.colcon_core.environment:create_environment_scripts_only(my_package)
[0.369s] DEBUG:colcon.colcon_core.event_handler.log_command:Invoked command in '/home/yusen/dev_ws/build/my_package' returned '0': CMAKE_PREFIX_PATH=${CMAKE_PREFIX_PATH}:/opt/ros/jazzy DEBUGINFOD_URLS=https://debuginfod.ubuntu.com /usr/bin/cmake --install /home/yusen/dev_ws/build/my_package
[0.376s] Level 1:colcon.colcon_core.environment:checking '/home/yusen/dev_ws/install/my_package' for CMake module files
[0.377s] Level 1:colcon.colcon_core.environment:checking '/home/yusen/dev_ws/install/my_package' for CMake config files
[0.377s] Level 1:colcon.colcon_core.shell:create_environment_hook('my_package', 'cmake_prefix_path')
[0.378s] INFO:colcon.colcon_core.shell:Creating environment hook '/home/yusen/dev_ws/install/my_package/share/my_package/hook/cmake_prefix_path.ps1'
[0.379s] INFO:colcon.colcon_core.shell:Creating environment descriptor '/home/yusen/dev_ws/install/my_package/share/my_package/hook/cmake_prefix_path.dsv'
[0.380s] INFO:colcon.colcon_core.shell:Creating environment hook '/home/yusen/dev_ws/install/my_package/share/my_package/hook/cmake_prefix_path.sh'
[0.382s] Level 1:colcon.colcon_core.environment:checking '/home/yusen/dev_ws/install/my_package/bin'
[0.382s] Level 1:colcon.colcon_core.environment:checking '/home/yusen/dev_ws/install/my_package/lib/pkgconfig/my_package.pc'
[0.382s] Level 1:colcon.colcon_core.environment:checking '/home/yusen/dev_ws/install/my_package/lib/python3.12/site-packages'
[0.382s] Level 1:colcon.colcon_core.environment:checking '/home/yusen/dev_ws/install/my_package/bin'
[0.383s] INFO:colcon.colcon_core.shell:Creating package script '/home/yusen/dev_ws/install/my_package/share/my_package/package.ps1'
[0.384s] INFO:colcon.colcon_core.shell:Creating package descriptor '/home/yusen/dev_ws/install/my_package/share/my_package/package.dsv'
[0.385s] INFO:colcon.colcon_core.shell:Creating package script '/home/yusen/dev_ws/install/my_package/share/my_package/package.sh'
[0.386s] INFO:colcon.colcon_core.shell:Creating package script '/home/yusen/dev_ws/install/my_package/share/my_package/package.bash'
[0.387s] INFO:colcon.colcon_core.shell:Creating package script '/home/yusen/dev_ws/install/my_package/share/my_package/package.zsh'
[0.388s] Level 1:colcon.colcon_core.environment:create_file_with_runtime_dependencies(/home/yusen/dev_ws/install/my_package/share/colcon-core/packages/my_package)
[0.389s] Level 1:colcon.colcon_core.environment:create_environment_scripts_only(my_package)
[0.389s] Level 1:colcon.colcon_core.environment:checking '/home/yusen/dev_ws/install/my_package' for CMake module files
[0.390s] Level 1:colcon.colcon_core.environment:checking '/home/yusen/dev_ws/install/my_package' for CMake config files
[0.390s] Level 1:colcon.colcon_core.shell:create_environment_hook('my_package', 'cmake_prefix_path')
[0.391s] INFO:colcon.colcon_core.shell:Creating environment hook '/home/yusen/dev_ws/install/my_package/share/my_package/hook/cmake_prefix_path.ps1'
[0.391s] INFO:colcon.colcon_core.shell:Creating environment descriptor '/home/yusen/dev_ws/install/my_package/share/my_package/hook/cmake_prefix_path.dsv'
[0.392s] INFO:colcon.colcon_core.shell:Creating environment hook '/home/yusen/dev_ws/install/my_package/share/my_package/hook/cmake_prefix_path.sh'
[0.393s] Level 1:colcon.colcon_core.environment:checking '/home/yusen/dev_ws/install/my_package/bin'
[0.393s] Level 1:colcon.colcon_core.environment:checking '/home/yusen/dev_ws/install/my_package/lib/pkgconfig/my_package.pc'
[0.394s] Level 1:colcon.colcon_core.environment:checking '/home/yusen/dev_ws/install/my_package/lib/python3.12/site-packages'
[0.394s] Level 1:colcon.colcon_core.environment:checking '/home/yusen/dev_ws/install/my_package/bin'
[0.394s] INFO:colcon.colcon_core.shell:Creating package script '/home/yusen/dev_ws/install/my_package/share/my_package/package.ps1'
[0.395s] INFO:colcon.colcon_core.shell:Creating package descriptor '/home/yusen/dev_ws/install/my_package/share/my_package/package.dsv'
[0.396s] INFO:colcon.colcon_core.shell:Creating package script '/home/yusen/dev_ws/install/my_package/share/my_package/package.sh'
[0.397s] INFO:colcon.colcon_core.shell:Creating package script '/home/yusen/dev_ws/install/my_package/share/my_package/package.bash'
[0.398s] INFO:colcon.colcon_core.shell:Creating package script '/home/yusen/dev_ws/install/my_package/share/my_package/package.zsh'
[0.399s] Level 1:colcon.colcon_core.environment:create_file_with_runtime_dependencies(/home/yusen/dev_ws/install/my_package/share/colcon-core/packages/my_package)
[0.400s] Level 1:colcon.colcon_core.environment:create_environment_scripts_only(my_bot)
[0.400s] Level 1:colcon.colcon_core.environment:checking '/home/yusen/dev_ws/install/my_bot' for CMake module files
[0.402s] DEBUG:colcon.colcon_core.event_handler.log_command:Invoked command in '/home/yusen/dev_ws/build/my_bot' returned '0': CMAKE_PREFIX_PATH=${CMAKE_PREFIX_PATH}:/opt/ros/jazzy DEBUGINFOD_URLS=https://debuginfod.ubuntu.com /usr/bin/cmake --install /home/yusen/dev_ws/build/my_bot
[0.402s] Level 1:colcon.colcon_core.environment:checking '/home/yusen/dev_ws/install/my_bot' for CMake config files
[0.403s] Level 1:colcon.colcon_core.shell:create_environment_hook('my_bot', 'cmake_prefix_path')
[0.403s] INFO:colcon.colcon_core.shell:Creating environment hook '/home/yusen/dev_ws/install/my_bot/share/my_bot/hook/cmake_prefix_path.ps1'
[0.404s] INFO:colcon.colcon_core.shell:Creating environment descriptor '/home/yusen/dev_ws/install/my_bot/share/my_bot/hook/cmake_prefix_path.dsv'
[0.404s] INFO:colcon.colcon_core.shell:Creating environment hook '/home/yusen/dev_ws/install/my_bot/share/my_bot/hook/cmake_prefix_path.sh'
[0.405s] Level 1:colcon.colcon_core.environment:checking '/home/yusen/dev_ws/install/my_bot/bin'
[0.405s] Level 1:colcon.colcon_core.environment:checking '/home/yusen/dev_ws/install/my_bot/lib/pkgconfig/my_bot.pc'
[0.406s] Level 1:colcon.colcon_core.environment:checking '/home/yusen/dev_ws/install/my_bot/lib/python3.12/site-packages'
[0.406s] Level 1:colcon.colcon_core.environment:checking '/home/yusen/dev_ws/install/my_bot/bin'
[0.406s] INFO:colcon.colcon_core.shell:Creating package script '/home/yusen/dev_ws/install/my_bot/share/my_bot/package.ps1'
[0.407s] INFO:colcon.colcon_core.shell:Creating package descriptor '/home/yusen/dev_ws/install/my_bot/share/my_bot/package.dsv'
[0.408s] INFO:colcon.colcon_core.shell:Creating package script '/home/yusen/dev_ws/install/my_bot/share/my_bot/package.sh'
[0.408s] INFO:colcon.colcon_core.shell:Creating package script '/home/yusen/dev_ws/install/my_bot/share/my_bot/package.bash'
[0.409s] INFO:colcon.colcon_core.shell:Creating package script '/home/yusen/dev_ws/install/my_bot/share/my_bot/package.zsh'
[0.409s] Level 1:colcon.colcon_core.environment:create_file_with_runtime_dependencies(/home/yusen/dev_ws/install/my_bot/share/colcon-core/packages/my_bot)
[0.410s] Level 1:colcon.colcon_core.environment:create_environment_scripts_only(my_bot)
[0.410s] Level 1:colcon.colcon_core.environment:checking '/home/yusen/dev_ws/install/my_bot' for CMake module files
[0.411s] Level 1:colcon.colcon_core.environment:checking '/home/yusen/dev_ws/install/my_bot' for CMake config files
[0.411s] Level 1:colcon.colcon_core.shell:create_environment_hook('my_bot', 'cmake_prefix_path')
[0.411s] INFO:colcon.colcon_core.shell:Creating environment hook '/home/yusen/dev_ws/install/my_bot/share/my_bot/hook/cmake_prefix_path.ps1'
[0.412s] INFO:colcon.colcon_core.shell:Creating environment descriptor '/home/yusen/dev_ws/install/my_bot/share/my_bot/hook/cmake_prefix_path.dsv'
[0.412s] INFO:colcon.colcon_core.shell:Creating environment hook '/home/yusen/dev_ws/install/my_bot/share/my_bot/hook/cmake_prefix_path.sh'
[0.413s] Level 1:colcon.colcon_core.environment:checking '/home/yusen/dev_ws/install/my_bot/bin'
[0.413s] Level 1:colcon.colcon_core.environment:checking '/home/yusen/dev_ws/install/my_bot/lib/pkgconfig/my_bot.pc'
[0.413s] Level 1:colcon.colcon_core.environment:checking '/home/yusen/dev_ws/install/my_bot/lib/python3.12/site-packages'
[0.414s] Level 1:colcon.colcon_core.environment:checking '/home/yusen/dev_ws/install/my_bot/bin'
[0.414s] INFO:colcon.colcon_core.shell:Creating package script '/home/yusen/dev_ws/install/my_bot/share/my_bot/package.ps1'
[0.415s] INFO:colcon.colcon_core.shell:Creating package descriptor '/home/yusen/dev_ws/install/my_bot/share/my_bot/package.dsv'
[0.415s] INFO:colcon.colcon_core.shell:Creating package script '/home/yusen/dev_ws/install/my_bot/share/my_bot/package.sh'
[0.416s] INFO:colcon.colcon_core.shell:Creating package script '/home/yusen/dev_ws/install/my_bot/share/my_bot/package.bash'
[0.416s] INFO:colcon.colcon_core.shell:Creating package script '/home/yusen/dev_ws/install/my_bot/share/my_bot/package.zsh'
[0.417s] Level 1:colcon.colcon_core.environment:create_file_with_runtime_dependencies(/home/yusen/dev_ws/install/my_bot/share/colcon-core/packages/my_bot)
[4.703s] DEBUG:colcon.colcon_core.event_handler.log_command:Invoked command in '/home/yusen/dev_ws/build/serial_motor_demo_msgs' returned '0': CMAKE_PREFIX_PATH=${CMAKE_PREFIX_PATH}:/opt/ros/jazzy DEBUGINFOD_URLS=https://debuginfod.ubuntu.com /usr/bin/cmake /home/yusen/dev_ws/src/serial_motor_demo/serial_motor_demo_msgs -DAMENT_CMAKE_SYMLINK_INSTALL=1 -DCMAKE_INSTALL_PREFIX=/home/yusen/dev_ws/install/serial_motor_demo_msgs
[4.704s] DEBUG:colcon.colcon_core.event_handler.log_command:Invoking command in '/home/yusen/dev_ws/build/serial_motor_demo_msgs': CMAKE_PREFIX_PATH=${CMAKE_PREFIX_PATH}:/opt/ros/jazzy DEBUGINFOD_URLS=https://debuginfod.ubuntu.com /usr/bin/cmake --build /home/yusen/dev_ws/build/serial_motor_demo_msgs -- -j16 -l16
[7.825s] DEBUG:colcon.colcon_core.event_handler.log_command:Invoked command in '/home/yusen/dev_ws/build/serial_motor_demo_msgs' returned '0': CMAKE_PREFIX_PATH=${CMAKE_PREFIX_PATH}:/opt/ros/jazzy DEBUGINFOD_URLS=https://debuginfod.ubuntu.com /usr/bin/cmake --build /home/yusen/dev_ws/build/serial_motor_demo_msgs -- -j16 -l16
[7.828s] DEBUG:colcon.colcon_core.event_handler.log_command:Invoking command in '/home/yusen/dev_ws/build/serial_motor_demo_msgs': CMAKE_PREFIX_PATH=${CMAKE_PREFIX_PATH}:/opt/ros/jazzy DEBUGINFOD_URLS=https://debuginfod.ubuntu.com /usr/bin/cmake --install /home/yusen/dev_ws/build/serial_motor_demo_msgs
[9.209s] Level 1:colcon.colcon_core.environment:create_environment_scripts_only(serial_motor_demo_msgs)
[9.209s] Level 1:colcon.colcon_core.environment:checking '/home/yusen/dev_ws/install/serial_motor_demo_msgs' for CMake module files
[9.210s] DEBUG:colcon.colcon_core.event_handler.log_command:Invoked command in '/home/yusen/dev_ws/build/serial_motor_demo_msgs' returned '0': CMAKE_PREFIX_PATH=${CMAKE_PREFIX_PATH}:/opt/ros/jazzy DEBUGINFOD_URLS=https://debuginfod.ubuntu.com /usr/bin/cmake --install /home/yusen/dev_ws/build/serial_motor_demo_msgs
[9.211s] Level 1:colcon.colcon_core.environment:checking '/home/yusen/dev_ws/install/serial_motor_demo_msgs' for CMake config files
[9.213s] Level 1:colcon.colcon_core.shell:create_environment_hook('serial_motor_demo_msgs', 'cmake_prefix_path')
[9.213s] INFO:colcon.colcon_core.shell:Creating environment hook '/home/yusen/dev_ws/install/serial_motor_demo_msgs/share/serial_motor_demo_msgs/hook/cmake_prefix_path.ps1'
[9.213s] INFO:colcon.colcon_core.shell:Creating environment descriptor '/home/yusen/dev_ws/install/serial_motor_demo_msgs/share/serial_motor_demo_msgs/hook/cmake_prefix_path.dsv'
[9.214s] INFO:colcon.colcon_core.shell:Creating environment hook '/home/yusen/dev_ws/install/serial_motor_demo_msgs/share/serial_motor_demo_msgs/hook/cmake_prefix_path.sh'
[9.214s] Level 1:colcon.colcon_core.environment:checking '/home/yusen/dev_ws/install/serial_motor_demo_msgs/lib'
[9.215s] Level 1:colcon.colcon_core.shell:create_environment_hook('serial_motor_demo_msgs', 'ld_library_path_lib')
[9.215s] INFO:colcon.colcon_core.shell:Creating environment hook '/home/yusen/dev_ws/install/serial_motor_demo_msgs/share/serial_motor_demo_msgs/hook/ld_library_path_lib.ps1'
[9.215s] INFO:colcon.colcon_core.shell:Creating environment descriptor '/home/yusen/dev_ws/install/serial_motor_demo_msgs/share/serial_motor_demo_msgs/hook/ld_library_path_lib.dsv'
[9.216s] INFO:colcon.colcon_core.shell:Creating environment hook '/home/yusen/dev_ws/install/serial_motor_demo_msgs/share/serial_motor_demo_msgs/hook/ld_library_path_lib.sh'
[9.216s] Level 1:colcon.colcon_core.environment:checking '/home/yusen/dev_ws/install/serial_motor_demo_msgs/bin'
[9.216s] Level 1:colcon.colcon_core.environment:checking '/home/yusen/dev_ws/install/serial_motor_demo_msgs/lib/pkgconfig/serial_motor_demo_msgs.pc'
[9.217s] Level 1:colcon.colcon_core.environment:checking '/home/yusen/dev_ws/install/serial_motor_demo_msgs/lib/python3.12/site-packages'
[9.217s] Level 1:colcon.colcon_core.shell:create_environment_hook('serial_motor_demo_msgs', 'pythonpath')
[9.217s] INFO:colcon.colcon_core.shell:Creating environment hook '/home/yusen/dev_ws/install/serial_motor_demo_msgs/share/serial_motor_demo_msgs/hook/pythonpath.ps1'
[9.218s] INFO:colcon.colcon_core.shell:Creating environment descriptor '/home/yusen/dev_ws/install/serial_motor_demo_msgs/share/serial_motor_demo_msgs/hook/pythonpath.dsv'
[9.218s] INFO:colcon.colcon_core.shell:Creating environment hook '/home/yusen/dev_ws/install/serial_motor_demo_msgs/share/serial_motor_demo_msgs/hook/pythonpath.sh'
[9.219s] Level 1:colcon.colcon_core.environment:checking '/home/yusen/dev_ws/install/serial_motor_demo_msgs/bin'
[9.219s] INFO:colcon.colcon_core.shell:Creating package script '/home/yusen/dev_ws/install/serial_motor_demo_msgs/share/serial_motor_demo_msgs/package.ps1'
[9.220s] INFO:colcon.colcon_core.shell:Creating package descriptor '/home/yusen/dev_ws/install/serial_motor_demo_msgs/share/serial_motor_demo_msgs/package.dsv'
[9.220s] INFO:colcon.colcon_core.shell:Creating package script '/home/yusen/dev_ws/install/serial_motor_demo_msgs/share/serial_motor_demo_msgs/package.sh'
[9.221s] INFO:colcon.colcon_core.shell:Creating package script '/home/yusen/dev_ws/install/serial_motor_demo_msgs/share/serial_motor_demo_msgs/package.bash'
[9.221s] INFO:colcon.colcon_core.shell:Creating package script '/home/yusen/dev_ws/install/serial_motor_demo_msgs/share/serial_motor_demo_msgs/package.zsh'
[9.222s] Level 1:colcon.colcon_core.environment:create_file_with_runtime_dependencies(/home/yusen/dev_ws/install/serial_motor_demo_msgs/share/colcon-core/packages/serial_motor_demo_msgs)
[9.222s] Level 1:colcon.colcon_core.environment:create_environment_scripts_only(serial_motor_demo_msgs)
[9.222s] Level 1:colcon.colcon_core.environment:checking '/home/yusen/dev_ws/install/serial_motor_demo_msgs' for CMake module files
[9.223s] Level 1:colcon.colcon_core.environment:checking '/home/yusen/dev_ws/install/serial_motor_demo_msgs' for CMake config files
[9.224s] Level 1:colcon.colcon_core.shell:create_environment_hook('serial_motor_demo_msgs', 'cmake_prefix_path')
[9.224s] INFO:colcon.colcon_core.shell:Creating environment hook '/home/yusen/dev_ws/install/serial_motor_demo_msgs/share/serial_motor_demo_msgs/hook/cmake_prefix_path.ps1'
[9.225s] INFO:colcon.colcon_core.shell:Creating environment descriptor '/home/yusen/dev_ws/install/serial_motor_demo_msgs/share/serial_motor_demo_msgs/hook/cmake_prefix_path.dsv'
[9.225s] INFO:colcon.colcon_core.shell:Creating environment hook '/home/yusen/dev_ws/install/serial_motor_demo_msgs/share/serial_motor_demo_msgs/hook/cmake_prefix_path.sh'
[9.226s] Level 1:colcon.colcon_core.environment:checking '/home/yusen/dev_ws/install/serial_motor_demo_msgs/lib'
[9.226s] Level 1:colcon.colcon_core.shell:create_environment_hook('serial_motor_demo_msgs', 'ld_library_path_lib')
[9.227s] INFO:colcon.colcon_core.shell:Creating environment hook '/home/yusen/dev_ws/install/serial_motor_demo_msgs/share/serial_motor_demo_msgs/hook/ld_library_path_lib.ps1'
[9.227s] INFO:colcon.colcon_core.shell:Creating environment descriptor '/home/yusen/dev_ws/install/serial_motor_demo_msgs/share/serial_motor_demo_msgs/hook/ld_library_path_lib.dsv'
[9.227s] INFO:colcon.colcon_core.shell:Creating environment hook '/home/yusen/dev_ws/install/serial_motor_demo_msgs/share/serial_motor_demo_msgs/hook/ld_library_path_lib.sh'
[9.228s] Level 1:colcon.colcon_core.environment:checking '/home/yusen/dev_ws/install/serial_motor_demo_msgs/bin'
[9.228s] Level 1:colcon.colcon_core.environment:checking '/home/yusen/dev_ws/install/serial_motor_demo_msgs/lib/pkgconfig/serial_motor_demo_msgs.pc'
[9.228s] Level 1:colcon.colcon_core.environment:checking '/home/yusen/dev_ws/install/serial_motor_demo_msgs/lib/python3.12/site-packages'
[9.228s] Level 1:colcon.colcon_core.shell:create_environment_hook('serial_motor_demo_msgs', 'pythonpath')
[9.228s] INFO:colcon.colcon_core.shell:Creating environment hook '/home/yusen/dev_ws/install/serial_motor_demo_msgs/share/serial_motor_demo_msgs/hook/pythonpath.ps1'
[9.229s] INFO:colcon.colcon_core.shell:Creating environment descriptor '/home/yusen/dev_ws/install/serial_motor_demo_msgs/share/serial_motor_demo_msgs/hook/pythonpath.dsv'
[9.229s] INFO:colcon.colcon_core.shell:Creating environment hook '/home/yusen/dev_ws/install/serial_motor_demo_msgs/share/serial_motor_demo_msgs/hook/pythonpath.sh'
[9.230s] Level 1:colcon.colcon_core.environment:checking '/home/yusen/dev_ws/install/serial_motor_demo_msgs/bin'
[9.230s] INFO:colcon.colcon_core.shell:Creating package script '/home/yusen/dev_ws/install/serial_motor_demo_msgs/share/serial_motor_demo_msgs/package.ps1'
[9.231s] INFO:colcon.colcon_core.shell:Creating package descriptor '/home/yusen/dev_ws/install/serial_motor_demo_msgs/share/serial_motor_demo_msgs/package.dsv'
[9.232s] INFO:colcon.colcon_core.shell:Creating package script '/home/yusen/dev_ws/install/serial_motor_demo_msgs/share/serial_motor_demo_msgs/package.sh'
[9.232s] INFO:colcon.colcon_core.shell:Creating package script '/home/yusen/dev_ws/install/serial_motor_demo_msgs/share/serial_motor_demo_msgs/package.bash'
[9.233s] INFO:colcon.colcon_core.shell:Creating package script '/home/yusen/dev_ws/install/serial_motor_demo_msgs/share/serial_motor_demo_msgs/package.zsh'
[9.233s] Level 1:colcon.colcon_core.environment:create_file_with_runtime_dependencies(/home/yusen/dev_ws/install/serial_motor_demo_msgs/share/colcon-core/packages/serial_motor_demo_msgs)
[9.234s] INFO:colcon.colcon_ros.task.ament_python.build:Building ROS package in '/home/yusen/dev_ws/src/serial_motor_demo/serial_motor_demo' with build type 'ament_python'
[9.234s] Level 1:colcon.colcon_core.shell:create_environment_hook('serial_motor_demo', 'ament_prefix_path')
[9.234s] INFO:colcon.colcon_core.shell:Creating environment hook '/home/yusen/dev_ws/install/serial_motor_demo/share/serial_motor_demo/hook/ament_prefix_path.ps1'
[9.235s] INFO:colcon.colcon_core.shell:Creating environment descriptor '/home/yusen/dev_ws/install/serial_motor_demo/share/serial_motor_demo/hook/ament_prefix_path.dsv'
[9.236s] INFO:colcon.colcon_core.shell:Creating environment hook '/home/yusen/dev_ws/install/serial_motor_demo/share/serial_motor_demo/hook/ament_prefix_path.sh'
[9.236s] INFO:colcon.colcon_core.shell:Skip shell extension 'powershell' for command environment: Not usable outside of PowerShell
[9.236s] DEBUG:colcon.colcon_core.shell:Skip shell extension 'dsv' for command environment
[9.449s] INFO:colcon.colcon_core.task.python.build:Building Python package in '/home/yusen/dev_ws/src/serial_motor_demo/serial_motor_demo'
[9.449s] INFO:colcon.colcon_core.shell:Skip shell extension 'powershell' for command environment: Not usable outside of PowerShell
[9.449s] DEBUG:colcon.colcon_core.shell:Skip shell extension 'dsv' for command environment
[9.874s] DEBUG:colcon.colcon_core.event_handler.log_command:Invoking command in '/home/yusen/dev_ws/build/serial_motor_demo': AMENT_PREFIX_PATH=/home/yusen/dev_ws/install/serial_motor_demo_msgs:${AMENT_PREFIX_PATH} CMAKE_PREFIX_PATH=/home/yusen/dev_ws/install/serial_motor_demo_msgs:${CMAKE_PREFIX_PATH} DEBUGINFOD_URLS=https://debuginfod.ubuntu.com LD_LIBRARY_PATH=/home/yusen/dev_ws/install/serial_motor_demo_msgs/lib:${LD_LIBRARY_PATH} PYTHONPATH=/home/yusen/dev_ws/build/serial_motor_demo/prefix_override:/usr/lib/python3/dist-packages/colcon_core/task/python/colcon_distutils_commands:/home/yusen/dev_ws/install/serial_motor_demo/lib/python3.12/site-packages:/home/yusen/dev_ws/install/serial_motor_demo_msgs/lib/python3.12/site-packages:${PYTHONPATH} /usr/bin/python3 -W ignore:setup.py install is deprecated -W ignore:easy_install command is deprecated setup.py develop --editable --build-directory /home/yusen/dev_ws/build/serial_motor_demo/build --no-deps symlink_data
[10.303s] Level 1:colcon.colcon_core.shell:create_environment_hook('serial_motor_demo', 'pythonpath_develop')
[10.303s] INFO:colcon.colcon_core.shell:Creating environment hook '/home/yusen/dev_ws/build/serial_motor_demo/share/serial_motor_demo/hook/pythonpath_develop.ps1'
[10.304s] DEBUG:colcon.colcon_core.event_handler.log_command:Invoked command in '/home/yusen/dev_ws/build/serial_motor_demo' returned '0': AMENT_PREFIX_PATH=/home/yusen/dev_ws/install/serial_motor_demo_msgs:${AMENT_PREFIX_PATH} CMAKE_PREFIX_PATH=/home/yusen/dev_ws/install/serial_motor_demo_msgs:${CMAKE_PREFIX_PATH} DEBUGINFOD_URLS=https://debuginfod.ubuntu.com LD_LIBRARY_PATH=/home/yusen/dev_ws/install/serial_motor_demo_msgs/lib:${LD_LIBRARY_PATH} PYTHONPATH=/home/yusen/dev_ws/build/serial_motor_demo/prefix_override:/usr/lib/python3/dist-packages/colcon_core/task/python/colcon_distutils_commands:/home/yusen/dev_ws/install/serial_motor_demo/lib/python3.12/site-packages:/home/yusen/dev_ws/install/serial_motor_demo_msgs/lib/python3.12/site-packages:${PYTHONPATH} /usr/bin/python3 -W ignore:setup.py install is deprecated -W ignore:easy_install command is deprecated setup.py develop --editable --build-directory /home/yusen/dev_ws/build/serial_motor_demo/build --no-deps symlink_data
[10.304s] INFO:colcon.colcon_core.shell:Creating environment descriptor '/home/yusen/dev_ws/build/serial_motor_demo/share/serial_motor_demo/hook/pythonpath_develop.dsv'
[10.304s] INFO:colcon.colcon_core.shell:Creating environment hook '/home/yusen/dev_ws/build/serial_motor_demo/share/serial_motor_demo/hook/pythonpath_develop.sh'
[10.305s] Level 1:colcon.colcon_core.environment:checking '/home/yusen/dev_ws/install/serial_motor_demo' for CMake module files
[10.305s] Level 1:colcon.colcon_core.environment:checking '/home/yusen/dev_ws/install/serial_motor_demo' for CMake config files
[10.306s] Level 1:colcon.colcon_core.environment:checking '/home/yusen/dev_ws/install/serial_motor_demo/lib'
[10.306s] Level 1:colcon.colcon_core.environment:checking '/home/yusen/dev_ws/install/serial_motor_demo/bin'
[10.306s] Level 1:colcon.colcon_core.environment:checking '/home/yusen/dev_ws/install/serial_motor_demo/lib/pkgconfig/serial_motor_demo.pc'
[10.306s] Level 1:colcon.colcon_core.environment:checking '/home/yusen/dev_ws/install/serial_motor_demo/lib/python3.12/site-packages'
[10.307s] Level 1:colcon.colcon_core.shell:create_environment_hook('serial_motor_demo', 'pythonpath')
[10.307s] INFO:colcon.colcon_core.shell:Creating environment hook '/home/yusen/dev_ws/install/serial_motor_demo/share/serial_motor_demo/hook/pythonpath.ps1'
[10.307s] INFO:colcon.colcon_core.shell:Creating environment descriptor '/home/yusen/dev_ws/install/serial_motor_demo/share/serial_motor_demo/hook/pythonpath.dsv'
[10.308s] INFO:colcon.colcon_core.shell:Creating environment hook '/home/yusen/dev_ws/install/serial_motor_demo/share/serial_motor_demo/hook/pythonpath.sh'
[10.308s] Level 1:colcon.colcon_core.environment:checking '/home/yusen/dev_ws/install/serial_motor_demo/bin'
[10.308s] Level 1:colcon.colcon_core.environment:create_environment_scripts_only(serial_motor_demo)
[10.309s] INFO:colcon.colcon_core.shell:Creating package script '/home/yusen/dev_ws/install/serial_motor_demo/share/serial_motor_demo/package.ps1'
[10.309s] INFO:colcon.colcon_core.shell:Creating package descriptor '/home/yusen/dev_ws/install/serial_motor_demo/share/serial_motor_demo/package.dsv'
[10.310s] INFO:colcon.colcon_core.shell:Creating package script '/home/yusen/dev_ws/install/serial_motor_demo/share/serial_motor_demo/package.sh'
[10.310s] INFO:colcon.colcon_core.shell:Creating package script '/home/yusen/dev_ws/install/serial_motor_demo/share/serial_motor_demo/package.bash'
[10.311s] INFO:colcon.colcon_core.shell:Creating package script '/home/yusen/dev_ws/install/serial_motor_demo/share/serial_motor_demo/package.zsh'
[10.311s] Level 1:colcon.colcon_core.environment:create_file_with_runtime_dependencies(/home/yusen/dev_ws/install/serial_motor_demo/share/colcon-core/packages/serial_motor_demo)
[10.311s] DEBUG:colcon.colcon_parallel_executor.executor.parallel:closing loop
[10.312s] DEBUG:colcon.colcon_parallel_executor.executor.parallel:loop closed
[10.312s] DEBUG:colcon.colcon_parallel_executor.executor.parallel:run_until_complete finished with '0'
[10.312s] DEBUG:colcon.colcon_core.event_reactor:joining thread
[10.323s] INFO:colcon.colcon_core.plugin_system:Skipping extension 'colcon_notification.desktop_notification.terminal_notifier': Not used on non-Darwin systems
[10.323s] INFO:colcon.colcon_core.plugin_system:Skipping extension 'colcon_notification.desktop_notification.win32': Not used on non-Windows systems
[10.323s] INFO:colcon.colcon_notification.desktop_notification:Sending desktop notification using 'notify2'
[10.363s] DEBUG:colcon.colcon_core.event_reactor:joined thread
[10.363s] INFO:colcon.colcon_core.shell:Creating prefix script '/home/yusen/dev_ws/install/local_setup.ps1'
[10.365s] INFO:colcon.colcon_core.shell:Creating prefix util module '/home/yusen/dev_ws/install/_local_setup_util_ps1.py'
[10.367s] INFO:colcon.colcon_core.shell:Creating prefix chain script '/home/yusen/dev_ws/install/setup.ps1'
[10.369s] INFO:colcon.colcon_core.shell:Creating prefix script '/home/yusen/dev_ws/install/local_setup.sh'
[10.370s] INFO:colcon.colcon_core.shell:Creating prefix util module '/home/yusen/dev_ws/install/_local_setup_util_sh.py'
[10.371s] INFO:colcon.colcon_core.shell:Creating prefix chain script '/home/yusen/dev_ws/install/setup.sh'
[10.372s] INFO:colcon.colcon_core.shell:Creating prefix script '/home/yusen/dev_ws/install/local_setup.bash'
[10.373s] INFO:colcon.colcon_core.shell:Creating prefix chain script '/home/yusen/dev_ws/install/setup.bash'
[10.374s] INFO:colcon.colcon_core.shell:Creating prefix script '/home/yusen/dev_ws/install/local_setup.zsh'
[10.375s] INFO:colcon.colcon_core.shell:Creating prefix chain script '/home/yusen/dev_ws/install/setup.zsh'
