[0.074s] DEBUG:colcon:Command line arguments: ['/usr/bin/colcon', 'build', '--symlink-install']
[0.075s] DEBUG:colcon:Parsed command line arguments: Namespace(log_base=None, log_level=None, verb_name='build', build_base='build', install_base='install', merge_install=False, symlink_install=True, test_result_base=None, continue_on_error=False, executor='parallel', parallel_workers=8, event_handlers=None, ignore_user_meta=False, metas=['./colcon.meta'], base_paths=['.'], packages_ignore=None, packages_ignore_regex=None, paths=None, packages_up_to=None, packages_up_to_regex=None, packages_above=None, packages_above_and_dependencies=None, packages_above_depth=None, packages_select_by_dep=None, packages_skip_by_dep=None, packages_skip_up_to=None, packages_select_build_failed=False, packages_skip_build_finished=False, packages_select_test_failures=False, packages_skip_test_passed=False, packages_select=None, packages_skip=None, packages_select_regex=None, packages_skip_regex=None, packages_start=None, packages_end=None, allow_overriding=[], cmake_args=None, cmake_target=None, cmake_target_skip_unavailable=False, cmake_clean_cache=False, cmake_clean_first=False, cmake_force_configure=False, ament_cmake_args=None, catkin_cmake_args=None, catkin_skip_building_tests=False, mixin_files=None, mixin=None, verb_parser=<colcon_mixin.mixin.mixin_argument.MixinArgumentDecorator object at 0x71bbb1ba47a0>, verb_extension=<colcon_core.verb.build.BuildVerb object at 0x71bbb1ba40b0>, main=<bound method BuildVerb.main of <colcon_core.verb.build.BuildVerb object at 0x71bbb1ba40b0>>, mixin_verb=('build',))
[0.104s] Level 1:colcon.colcon_core.package_discovery:discover_packages(colcon_meta) check parameters
[0.104s] Level 1:colcon.colcon_core.package_discovery:discover_packages(recursive) check parameters
[0.104s] Level 1:colcon.colcon_core.package_discovery:discover_packages(ignore) check parameters
[0.104s] Level 1:colcon.colcon_core.package_discovery:discover_packages(path) check parameters
[0.104s] Level 1:colcon.colcon_core.package_discovery:discover_packages(colcon_meta) discover
[0.105s] Level 1:colcon.colcon_core.package_discovery:discover_packages(recursive) discover
[0.105s] INFO:colcon.colcon_core.package_discovery:Crawling recursively for packages in '/home/yusen/dev_ws'
[0.105s] Level 1:colcon.colcon_core.package_identification:_identify(.) by extensions ['ignore', 'ignore_ament_install']
[0.105s] Level 1:colcon.colcon_core.package_identification:_identify(.) by extension 'ignore'
[0.105s] Level 1:colcon.colcon_core.package_identification:_identify(.) by extension 'ignore_ament_install'
[0.105s] Level 1:colcon.colcon_core.package_identification:_identify(.) by extensions ['colcon_pkg']
[0.105s] Level 1:colcon.colcon_core.package_identification:_identify(.) by extension 'colcon_pkg'
[0.105s] Level 1:colcon.colcon_core.package_identification:_identify(.) by extensions ['colcon_meta']
[0.105s] Level 1:colcon.colcon_core.package_identification:_identify(.) by extension 'colcon_meta'
[0.105s] Level 1:colcon.colcon_core.package_identification:_identify(.) by extensions ['ros']
[0.105s] Level 1:colcon.colcon_core.package_identification:_identify(.) by extension 'ros'
[0.126s] Level 1:colcon.colcon_core.package_identification:_identify(.) by extensions ['cmake', 'python']
[0.126s] Level 1:colcon.colcon_core.package_identification:_identify(.) by extension 'cmake'
[0.126s] Level 1:colcon.colcon_core.package_identification:_identify(.) by extension 'python'
[0.126s] Level 1:colcon.colcon_core.package_identification:_identify(.) by extensions ['python_setup_py']
[0.126s] Level 1:colcon.colcon_core.package_identification:_identify(.) by extension 'python_setup_py'
[0.126s] Level 1:colcon.colcon_core.package_identification:_identify(build) by extensions ['ignore', 'ignore_ament_install']
[0.126s] Level 1:colcon.colcon_core.package_identification:_identify(build) by extension 'ignore'
[0.127s] Level 1:colcon.colcon_core.package_identification:_identify(build) ignored
[0.127s] Level 1:colcon.colcon_core.package_identification:_identify(install) by extensions ['ignore', 'ignore_ament_install']
[0.127s] Level 1:colcon.colcon_core.package_identification:_identify(install) by extension 'ignore'
[0.127s] Level 1:colcon.colcon_core.package_identification:_identify(install) ignored
[0.127s] Level 1:colcon.colcon_core.package_identification:_identify(log) by extensions ['ignore', 'ignore_ament_install']
[0.127s] Level 1:colcon.colcon_core.package_identification:_identify(log) by extension 'ignore'
[0.127s] Level 1:colcon.colcon_core.package_identification:_identify(log) ignored
[0.127s] Level 1:colcon.colcon_core.package_identification:_identify(src) by extensions ['ignore', 'ignore_ament_install']
[0.127s] Level 1:colcon.colcon_core.package_identification:_identify(src) by extension 'ignore'
[0.127s] Level 1:colcon.colcon_core.package_identification:_identify(src) by extension 'ignore_ament_install'
[0.127s] Level 1:colcon.colcon_core.package_identification:_identify(src) by extensions ['colcon_pkg']
[0.127s] Level 1:colcon.colcon_core.package_identification:_identify(src) by extension 'colcon_pkg'
[0.127s] Level 1:colcon.colcon_core.package_identification:_identify(src) by extensions ['colcon_meta']
[0.127s] Level 1:colcon.colcon_core.package_identification:_identify(src) by extension 'colcon_meta'
[0.127s] Level 1:colcon.colcon_core.package_identification:_identify(src) by extensions ['ros']
[0.127s] Level 1:colcon.colcon_core.package_identification:_identify(src) by extension 'ros'
[0.127s] Level 1:colcon.colcon_core.package_identification:_identify(src) by extensions ['cmake', 'python']
[0.127s] Level 1:colcon.colcon_core.package_identification:_identify(src) by extension 'cmake'
[0.127s] Level 1:colcon.colcon_core.package_identification:_identify(src) by extension 'python'
[0.127s] Level 1:colcon.colcon_core.package_identification:_identify(src) by extensions ['python_setup_py']
[0.127s] Level 1:colcon.colcon_core.package_identification:_identify(src) by extension 'python_setup_py'
[0.127s] Level 1:colcon.colcon_core.package_identification:_identify(src/my_bot) by extensions ['ignore', 'ignore_ament_install']
[0.127s] Level 1:colcon.colcon_core.package_identification:_identify(src/my_bot) by extension 'ignore'
[0.127s] Level 1:colcon.colcon_core.package_identification:_identify(src/my_bot) by extension 'ignore_ament_install'
[0.127s] Level 1:colcon.colcon_core.package_identification:_identify(src/my_bot) by extensions ['colcon_pkg']
[0.127s] Level 1:colcon.colcon_core.package_identification:_identify(src/my_bot) by extension 'colcon_pkg'
[0.127s] Level 1:colcon.colcon_core.package_identification:_identify(src/my_bot) by extensions ['colcon_meta']
[0.127s] Level 1:colcon.colcon_core.package_identification:_identify(src/my_bot) by extension 'colcon_meta'
[0.128s] Level 1:colcon.colcon_core.package_identification:_identify(src/my_bot) by extensions ['ros']
[0.128s] Level 1:colcon.colcon_core.package_identification:_identify(src/my_bot) by extension 'ros'
[0.129s] DEBUG:colcon.colcon_core.package_identification:Package 'src/my_bot' with type 'ros.ament_cmake' and name 'my_bot'
[0.130s] Level 1:colcon.colcon_core.package_identification:_identify(src/my_package) by extensions ['ignore', 'ignore_ament_install']
[0.130s] Level 1:colcon.colcon_core.package_identification:_identify(src/my_package) by extension 'ignore'
[0.130s] Level 1:colcon.colcon_core.package_identification:_identify(src/my_package) by extension 'ignore_ament_install'
[0.130s] Level 1:colcon.colcon_core.package_identification:_identify(src/my_package) by extensions ['colcon_pkg']
[0.130s] Level 1:colcon.colcon_core.package_identification:_identify(src/my_package) by extension 'colcon_pkg'
[0.130s] Level 1:colcon.colcon_core.package_identification:_identify(src/my_package) by extensions ['colcon_meta']
[0.130s] Level 1:colcon.colcon_core.package_identification:_identify(src/my_package) by extension 'colcon_meta'
[0.130s] Level 1:colcon.colcon_core.package_identification:_identify(src/my_package) by extensions ['ros']
[0.130s] Level 1:colcon.colcon_core.package_identification:_identify(src/my_package) by extension 'ros'
[0.130s] DEBUG:colcon.colcon_core.package_identification:Package 'src/my_package' with type 'ros.ament_cmake' and name 'my_package'
[0.130s] Level 1:colcon.colcon_core.package_discovery:discover_packages(recursive) using defaults
[0.130s] Level 1:colcon.colcon_core.package_discovery:discover_packages(ignore) discover
[0.130s] Level 1:colcon.colcon_core.package_discovery:discover_packages(ignore) using defaults
[0.130s] Level 1:colcon.colcon_core.package_discovery:discover_packages(path) discover
[0.130s] Level 1:colcon.colcon_core.package_discovery:discover_packages(path) using defaults
[0.143s] Level 1:colcon.colcon_core.package_discovery:discover_packages(prefix_path) check parameters
[0.143s] Level 1:colcon.colcon_core.package_discovery:discover_packages(prefix_path) discover
[0.144s] WARNING:colcon.colcon_ros.prefix_path.ament:The path '/home/yusen/dev_ws/install/gz_ros2_control_tests' in the environment variable AMENT_PREFIX_PATH doesn't exist
[0.144s] WARNING:colcon.colcon_ros.prefix_path.ament:The path '/home/yusen/dev_ws/install/gz_ros2_control_demos' in the environment variable AMENT_PREFIX_PATH doesn't exist
[0.144s] WARNING:colcon.colcon_ros.prefix_path.ament:The path '/home/yusen/dev_ws/install/gz_ros2_control' in the environment variable AMENT_PREFIX_PATH doesn't exist
[0.144s] WARNING:colcon.colcon_ros.prefix_path.catkin:The path '/home/yusen/dev_ws/install/gz_ros2_control_tests' in the environment variable CMAKE_PREFIX_PATH doesn't exist
[0.144s] WARNING:colcon.colcon_ros.prefix_path.catkin:The path '/home/yusen/dev_ws/install/gz_ros2_control_demos' in the environment variable CMAKE_PREFIX_PATH doesn't exist
[0.144s] WARNING:colcon.colcon_ros.prefix_path.catkin:The path '/home/yusen/dev_ws/install/gz_ros2_control' in the environment variable CMAKE_PREFIX_PATH doesn't exist
[0.145s] DEBUG:colcon.colcon_installed_package_information.package_discovery:Found 2 installed packages in /home/yusen/dev_ws/install
[0.146s] DEBUG:colcon.colcon_installed_package_information.package_discovery:Found 437 installed packages in /opt/ros/jazzy
[0.148s] Level 1:colcon.colcon_core.package_discovery:discover_packages(prefix_path) using defaults
[0.190s] Level 5:colcon.colcon_core.verb:set package 'my_bot' build argument 'cmake_args' from command line to 'None'
[0.190s] Level 5:colcon.colcon_core.verb:set package 'my_bot' build argument 'cmake_target' from command line to 'None'
[0.190s] Level 5:colcon.colcon_core.verb:set package 'my_bot' build argument 'cmake_target_skip_unavailable' from command line to 'False'
[0.190s] Level 5:colcon.colcon_core.verb:set package 'my_bot' build argument 'cmake_clean_cache' from command line to 'False'
[0.190s] Level 5:colcon.colcon_core.verb:set package 'my_bot' build argument 'cmake_clean_first' from command line to 'False'
[0.190s] Level 5:colcon.colcon_core.verb:set package 'my_bot' build argument 'cmake_force_configure' from command line to 'False'
[0.190s] Level 5:colcon.colcon_core.verb:set package 'my_bot' build argument 'ament_cmake_args' from command line to 'None'
[0.190s] Level 5:colcon.colcon_core.verb:set package 'my_bot' build argument 'catkin_cmake_args' from command line to 'None'
[0.190s] Level 5:colcon.colcon_core.verb:set package 'my_bot' build argument 'catkin_skip_building_tests' from command line to 'False'
[0.190s] DEBUG:colcon.colcon_core.verb:Building package 'my_bot' with the following arguments: {'ament_cmake_args': None, 'build_base': '/home/yusen/dev_ws/build/my_bot', 'catkin_cmake_args': None, 'catkin_skip_building_tests': False, 'cmake_args': None, 'cmake_clean_cache': False, 'cmake_clean_first': False, 'cmake_force_configure': False, 'cmake_target': None, 'cmake_target_skip_unavailable': False, 'install_base': '/home/yusen/dev_ws/install/my_bot', 'merge_install': False, 'path': '/home/yusen/dev_ws/src/my_bot', 'symlink_install': True, 'test_result_base': None}
[0.191s] Level 5:colcon.colcon_core.verb:set package 'my_package' build argument 'cmake_args' from command line to 'None'
[0.191s] Level 5:colcon.colcon_core.verb:set package 'my_package' build argument 'cmake_target' from command line to 'None'
[0.191s] Level 5:colcon.colcon_core.verb:set package 'my_package' build argument 'cmake_target_skip_unavailable' from command line to 'False'
[0.191s] Level 5:colcon.colcon_core.verb:set package 'my_package' build argument 'cmake_clean_cache' from command line to 'False'
[0.191s] Level 5:colcon.colcon_core.verb:set package 'my_package' build argument 'cmake_clean_first' from command line to 'False'
[0.191s] Level 5:colcon.colcon_core.verb:set package 'my_package' build argument 'cmake_force_configure' from command line to 'False'
[0.191s] Level 5:colcon.colcon_core.verb:set package 'my_package' build argument 'ament_cmake_args' from command line to 'None'
[0.191s] Level 5:colcon.colcon_core.verb:set package 'my_package' build argument 'catkin_cmake_args' from command line to 'None'
[0.191s] Level 5:colcon.colcon_core.verb:set package 'my_package' build argument 'catkin_skip_building_tests' from command line to 'False'
[0.191s] DEBUG:colcon.colcon_core.verb:Building package 'my_package' with the following arguments: {'ament_cmake_args': None, 'build_base': '/home/yusen/dev_ws/build/my_package', 'catkin_cmake_args': None, 'catkin_skip_building_tests': False, 'cmake_args': None, 'cmake_clean_cache': False, 'cmake_clean_first': False, 'cmake_force_configure': False, 'cmake_target': None, 'cmake_target_skip_unavailable': False, 'install_base': '/home/yusen/dev_ws/install/my_package', 'merge_install': False, 'path': '/home/yusen/dev_ws/src/my_package', 'symlink_install': True, 'test_result_base': None}
[0.191s] INFO:colcon.colcon_core.executor:Executing jobs using 'parallel' executor
[0.192s] DEBUG:colcon.colcon_parallel_executor.executor.parallel:run_until_complete
[0.193s] INFO:colcon.colcon_ros.task.ament_cmake.build:Building ROS package in '/home/yusen/dev_ws/src/my_bot' with build type 'ament_cmake'
[0.193s] INFO:colcon.colcon_cmake.task.cmake.build:Building CMake package in '/home/yusen/dev_ws/src/my_bot'
[0.195s] INFO:colcon.colcon_core.plugin_system:Skipping extension 'colcon_core.shell.bat': Not used on non-Windows systems
[0.195s] INFO:colcon.colcon_core.shell:Skip shell extension 'powershell' for command environment: Not usable outside of PowerShell
[0.195s] DEBUG:colcon.colcon_core.shell:Skip shell extension 'dsv' for command environment
[0.209s] INFO:colcon.colcon_ros.task.ament_cmake.build:Building ROS package in '/home/yusen/dev_ws/src/my_package' with build type 'ament_cmake'
[0.214s] INFO:colcon.colcon_cmake.task.cmake.build:Building CMake package in '/home/yusen/dev_ws/src/my_package'
[0.217s] INFO:colcon.colcon_core.shell:Skip shell extension 'powershell' for command environment: Not usable outside of PowerShell
[0.217s] DEBUG:colcon.colcon_core.shell:Skip shell extension 'dsv' for command environment
[0.277s] DEBUG:colcon.colcon_core.event_handler.log_command:Invoking command in '/home/yusen/dev_ws/build/my_bot': CMAKE_PREFIX_PATH=${CMAKE_PREFIX_PATH}:/opt/ros/jazzy DEBUGINFOD_URLS=https://debuginfod.ubuntu.com /usr/bin/cmake --build /home/yusen/dev_ws/build/my_bot -- -j8 -l8
[0.339s] DEBUG:colcon.colcon_core.event_handler.log_command:Invoking command in '/home/yusen/dev_ws/build/my_package': CMAKE_PREFIX_PATH=${CMAKE_PREFIX_PATH}:/opt/ros/jazzy DEBUGINFOD_URLS=https://debuginfod.ubuntu.com /usr/bin/cmake --build /home/yusen/dev_ws/build/my_package -- -j8 -l8
[0.520s] DEBUG:colcon.colcon_core.event_handler.log_command:Invoked command in '/home/yusen/dev_ws/build/my_bot' returned '0': CMAKE_PREFIX_PATH=${CMAKE_PREFIX_PATH}:/opt/ros/jazzy DEBUGINFOD_URLS=https://debuginfod.ubuntu.com /usr/bin/cmake --build /home/yusen/dev_ws/build/my_bot -- -j8 -l8
[0.552s] DEBUG:colcon.colcon_core.event_handler.log_command:Invoking command in '/home/yusen/dev_ws/build/my_bot': CMAKE_PREFIX_PATH=${CMAKE_PREFIX_PATH}:/opt/ros/jazzy DEBUGINFOD_URLS=https://debuginfod.ubuntu.com /usr/bin/cmake --install /home/yusen/dev_ws/build/my_bot
[0.613s] DEBUG:colcon.colcon_core.event_handler.log_command:Invoked command in '/home/yusen/dev_ws/build/my_package' returned '0': CMAKE_PREFIX_PATH=${CMAKE_PREFIX_PATH}:/opt/ros/jazzy DEBUGINFOD_URLS=https://debuginfod.ubuntu.com /usr/bin/cmake --build /home/yusen/dev_ws/build/my_package -- -j8 -l8
[0.614s] DEBUG:colcon.colcon_core.event_handler.log_command:Invoking command in '/home/yusen/dev_ws/build/my_package': CMAKE_PREFIX_PATH=${CMAKE_PREFIX_PATH}:/opt/ros/jazzy DEBUGINFOD_URLS=https://debuginfod.ubuntu.com /usr/bin/cmake --install /home/yusen/dev_ws/build/my_package
[0.721s] Level 1:colcon.colcon_core.environment:create_environment_scripts_only(my_bot)
[0.771s] Level 1:colcon.colcon_core.environment:checking '/home/yusen/dev_ws/install/my_bot' for CMake module files
[0.775s] Level 1:colcon.colcon_core.environment:checking '/home/yusen/dev_ws/install/my_bot' for CMake config files
[0.778s] Level 1:colcon.colcon_core.shell:create_environment_hook('my_bot', 'cmake_prefix_path')
[0.778s] INFO:colcon.colcon_core.shell:Creating environment hook '/home/yusen/dev_ws/install/my_bot/share/my_bot/hook/cmake_prefix_path.ps1'
[0.786s] INFO:colcon.colcon_core.shell:Creating environment descriptor '/home/yusen/dev_ws/install/my_bot/share/my_bot/hook/cmake_prefix_path.dsv'
[0.844s] INFO:colcon.colcon_core.shell:Creating environment hook '/home/yusen/dev_ws/install/my_bot/share/my_bot/hook/cmake_prefix_path.sh'
[0.863s] DEBUG:colcon.colcon_core.event_handler.log_command:Invoked command in '/home/yusen/dev_ws/build/my_bot' returned '0': CMAKE_PREFIX_PATH=${CMAKE_PREFIX_PATH}:/opt/ros/jazzy DEBUGINFOD_URLS=https://debuginfod.ubuntu.com /usr/bin/cmake --install /home/yusen/dev_ws/build/my_bot
[0.876s] Level 1:colcon.colcon_core.environment:checking '/home/yusen/dev_ws/install/my_bot/bin'
[0.881s] Level 1:colcon.colcon_core.environment:checking '/home/yusen/dev_ws/install/my_bot/lib/pkgconfig/my_bot.pc'
[0.881s] Level 1:colcon.colcon_core.environment:checking '/home/yusen/dev_ws/install/my_bot/lib/python3.12/site-packages'
[0.881s] Level 1:colcon.colcon_core.environment:checking '/home/yusen/dev_ws/install/my_bot/bin'
[0.881s] INFO:colcon.colcon_core.shell:Creating package script '/home/yusen/dev_ws/install/my_bot/share/my_bot/package.ps1'
[0.886s] INFO:colcon.colcon_core.shell:Creating package descriptor '/home/yusen/dev_ws/install/my_bot/share/my_bot/package.dsv'
[0.890s] INFO:colcon.colcon_core.shell:Creating package script '/home/yusen/dev_ws/install/my_bot/share/my_bot/package.sh'
[0.904s] INFO:colcon.colcon_core.shell:Creating package script '/home/yusen/dev_ws/install/my_bot/share/my_bot/package.bash'
[0.910s] INFO:colcon.colcon_core.shell:Creating package script '/home/yusen/dev_ws/install/my_bot/share/my_bot/package.zsh'
[0.924s] Level 1:colcon.colcon_core.environment:create_file_with_runtime_dependencies(/home/yusen/dev_ws/install/my_bot/share/colcon-core/packages/my_bot)
[0.924s] Level 1:colcon.colcon_core.environment:create_environment_scripts_only(my_bot)
[0.930s] Level 1:colcon.colcon_core.environment:checking '/home/yusen/dev_ws/install/my_bot' for CMake module files
[0.930s] Level 1:colcon.colcon_core.environment:checking '/home/yusen/dev_ws/install/my_bot' for CMake config files
[0.930s] Level 1:colcon.colcon_core.shell:create_environment_hook('my_bot', 'cmake_prefix_path')
[0.930s] INFO:colcon.colcon_core.shell:Creating environment hook '/home/yusen/dev_ws/install/my_bot/share/my_bot/hook/cmake_prefix_path.ps1'
[0.934s] INFO:colcon.colcon_core.shell:Creating environment descriptor '/home/yusen/dev_ws/install/my_bot/share/my_bot/hook/cmake_prefix_path.dsv'
[0.955s] INFO:colcon.colcon_core.shell:Creating environment hook '/home/yusen/dev_ws/install/my_bot/share/my_bot/hook/cmake_prefix_path.sh'
[0.961s] Level 1:colcon.colcon_core.environment:checking '/home/yusen/dev_ws/install/my_bot/bin'
[0.961s] Level 1:colcon.colcon_core.environment:checking '/home/yusen/dev_ws/install/my_bot/lib/pkgconfig/my_bot.pc'
[0.962s] Level 1:colcon.colcon_core.environment:checking '/home/yusen/dev_ws/install/my_bot/lib/python3.12/site-packages'
[0.962s] Level 1:colcon.colcon_core.environment:checking '/home/yusen/dev_ws/install/my_bot/bin'
[0.962s] INFO:colcon.colcon_core.shell:Creating package script '/home/yusen/dev_ws/install/my_bot/share/my_bot/package.ps1'
[0.971s] INFO:colcon.colcon_core.shell:Creating package descriptor '/home/yusen/dev_ws/install/my_bot/share/my_bot/package.dsv'
[0.975s] INFO:colcon.colcon_core.shell:Creating package script '/home/yusen/dev_ws/install/my_bot/share/my_bot/package.sh'
[0.981s] INFO:colcon.colcon_core.shell:Creating package script '/home/yusen/dev_ws/install/my_bot/share/my_bot/package.bash'
[0.986s] INFO:colcon.colcon_core.shell:Creating package script '/home/yusen/dev_ws/install/my_bot/share/my_bot/package.zsh'
[0.987s] Level 1:colcon.colcon_core.environment:create_file_with_runtime_dependencies(/home/yusen/dev_ws/install/my_bot/share/colcon-core/packages/my_bot)
[0.995s] Level 1:colcon.colcon_core.environment:create_environment_scripts_only(my_package)
[0.995s] Level 1:colcon.colcon_core.environment:checking '/home/yusen/dev_ws/install/my_package' for CMake module files
[0.996s] Level 1:colcon.colcon_core.environment:checking '/home/yusen/dev_ws/install/my_package' for CMake config files
[1.029s] Level 1:colcon.colcon_core.shell:create_environment_hook('my_package', 'cmake_prefix_path')
[1.033s] INFO:colcon.colcon_core.shell:Creating environment hook '/home/yusen/dev_ws/install/my_package/share/my_package/hook/cmake_prefix_path.ps1'
[1.036s] INFO:colcon.colcon_core.shell:Creating environment descriptor '/home/yusen/dev_ws/install/my_package/share/my_package/hook/cmake_prefix_path.dsv'
[1.043s] INFO:colcon.colcon_core.shell:Creating environment hook '/home/yusen/dev_ws/install/my_package/share/my_package/hook/cmake_prefix_path.sh'
[1.050s] Level 1:colcon.colcon_core.environment:checking '/home/yusen/dev_ws/install/my_package/bin'
[1.050s] Level 1:colcon.colcon_core.environment:checking '/home/yusen/dev_ws/install/my_package/lib/pkgconfig/my_package.pc'
[1.050s] Level 1:colcon.colcon_core.environment:checking '/home/yusen/dev_ws/install/my_package/lib/python3.12/site-packages'
[1.050s] Level 1:colcon.colcon_core.environment:checking '/home/yusen/dev_ws/install/my_package/bin'
[1.051s] INFO:colcon.colcon_core.shell:Creating package script '/home/yusen/dev_ws/install/my_package/share/my_package/package.ps1'
[1.067s] INFO:colcon.colcon_core.shell:Creating package descriptor '/home/yusen/dev_ws/install/my_package/share/my_package/package.dsv'
[1.073s] INFO:colcon.colcon_core.shell:Creating package script '/home/yusen/dev_ws/install/my_package/share/my_package/package.sh'
[1.075s] INFO:colcon.colcon_core.shell:Creating package script '/home/yusen/dev_ws/install/my_package/share/my_package/package.bash'
[1.078s] INFO:colcon.colcon_core.shell:Creating package script '/home/yusen/dev_ws/install/my_package/share/my_package/package.zsh'
[1.081s] DEBUG:colcon.colcon_core.event_handler.log_command:Invoked command in '/home/yusen/dev_ws/build/my_package' returned '0': CMAKE_PREFIX_PATH=${CMAKE_PREFIX_PATH}:/opt/ros/jazzy DEBUGINFOD_URLS=https://debuginfod.ubuntu.com /usr/bin/cmake --install /home/yusen/dev_ws/build/my_package
[1.087s] Level 1:colcon.colcon_core.environment:create_file_with_runtime_dependencies(/home/yusen/dev_ws/install/my_package/share/colcon-core/packages/my_package)
[1.089s] Level 1:colcon.colcon_core.environment:create_environment_scripts_only(my_package)
[1.089s] Level 1:colcon.colcon_core.environment:checking '/home/yusen/dev_ws/install/my_package' for CMake module files
[1.090s] Level 1:colcon.colcon_core.environment:checking '/home/yusen/dev_ws/install/my_package' for CMake config files
[1.090s] Level 1:colcon.colcon_core.shell:create_environment_hook('my_package', 'cmake_prefix_path')
[1.090s] INFO:colcon.colcon_core.shell:Creating environment hook '/home/yusen/dev_ws/install/my_package/share/my_package/hook/cmake_prefix_path.ps1'
[1.097s] INFO:colcon.colcon_core.shell:Creating environment descriptor '/home/yusen/dev_ws/install/my_package/share/my_package/hook/cmake_prefix_path.dsv'
[1.103s] INFO:colcon.colcon_core.shell:Creating environment hook '/home/yusen/dev_ws/install/my_package/share/my_package/hook/cmake_prefix_path.sh'
[1.109s] Level 1:colcon.colcon_core.environment:checking '/home/yusen/dev_ws/install/my_package/bin'
[1.109s] Level 1:colcon.colcon_core.environment:checking '/home/yusen/dev_ws/install/my_package/lib/pkgconfig/my_package.pc'
[1.109s] Level 1:colcon.colcon_core.environment:checking '/home/yusen/dev_ws/install/my_package/lib/python3.12/site-packages'
[1.109s] Level 1:colcon.colcon_core.environment:checking '/home/yusen/dev_ws/install/my_package/bin'
[1.109s] INFO:colcon.colcon_core.shell:Creating package script '/home/yusen/dev_ws/install/my_package/share/my_package/package.ps1'
[1.114s] INFO:colcon.colcon_core.shell:Creating package descriptor '/home/yusen/dev_ws/install/my_package/share/my_package/package.dsv'
[1.119s] INFO:colcon.colcon_core.shell:Creating package script '/home/yusen/dev_ws/install/my_package/share/my_package/package.sh'
[1.127s] INFO:colcon.colcon_core.shell:Creating package script '/home/yusen/dev_ws/install/my_package/share/my_package/package.bash'
[1.136s] INFO:colcon.colcon_core.shell:Creating package script '/home/yusen/dev_ws/install/my_package/share/my_package/package.zsh'
[1.138s] Level 1:colcon.colcon_core.environment:create_file_with_runtime_dependencies(/home/yusen/dev_ws/install/my_package/share/colcon-core/packages/my_package)
[1.154s] DEBUG:colcon.colcon_parallel_executor.executor.parallel:closing loop
[1.160s] DEBUG:colcon.colcon_parallel_executor.executor.parallel:loop closed
[1.175s] DEBUG:colcon.colcon_parallel_executor.executor.parallel:run_until_complete finished with '0'
[1.175s] DEBUG:colcon.colcon_core.event_reactor:joining thread
[1.222s] INFO:colcon.colcon_core.plugin_system:Skipping extension 'colcon_notification.desktop_notification.terminal_notifier': Not used on non-Darwin systems
[1.230s] INFO:colcon.colcon_core.plugin_system:Skipping extension 'colcon_notification.desktop_notification.win32': Not used on non-Windows systems
[1.230s] INFO:colcon.colcon_notification.desktop_notification:Sending desktop notification using 'notify2'
[1.443s] DEBUG:colcon.colcon_core.event_reactor:joined thread
[1.447s] INFO:colcon.colcon_core.shell:Creating prefix script '/home/yusen/dev_ws/install/local_setup.ps1'
[1.452s] INFO:colcon.colcon_core.shell:Creating prefix util module '/home/yusen/dev_ws/install/_local_setup_util_ps1.py'
[1.457s] INFO:colcon.colcon_core.shell:Creating prefix chain script '/home/yusen/dev_ws/install/setup.ps1'
[1.465s] INFO:colcon.colcon_core.shell:Creating prefix script '/home/yusen/dev_ws/install/local_setup.sh'
[1.468s] INFO:colcon.colcon_core.shell:Creating prefix util module '/home/yusen/dev_ws/install/_local_setup_util_sh.py'
[1.471s] INFO:colcon.colcon_core.shell:Creating prefix chain script '/home/yusen/dev_ws/install/setup.sh'
[1.483s] INFO:colcon.colcon_core.shell:Creating prefix script '/home/yusen/dev_ws/install/local_setup.bash'
[1.493s] INFO:colcon.colcon_core.shell:Creating prefix chain script '/home/yusen/dev_ws/install/setup.bash'
[1.500s] INFO:colcon.colcon_core.shell:Creating prefix script '/home/yusen/dev_ws/install/local_setup.zsh'
[1.507s] INFO:colcon.colcon_core.shell:Creating prefix chain script '/home/yusen/dev_ws/install/setup.zsh'
