[0.639s] Invoking command in '/home/yusen/dev_ws/build/serial_motor_demo': AMENT_PREFIX_PATH=/home/yusen/dev_ws/install/serial_motor_demo_msgs:${AMENT_PREFIX_PATH} CMAKE_PREFIX_PATH=/home/yusen/dev_ws/install/serial_motor_demo_msgs:${CMAKE_PREFIX_PATH} DEBUGINFOD_URLS=https://debuginfod.ubuntu.com LD_LIBRARY_PATH=/home/yusen/dev_ws/install/serial_motor_demo_msgs/lib:${LD_LIBRARY_PATH} PYTHONPATH=/home/yusen/dev_ws/build/serial_motor_demo/prefix_override:/usr/lib/python3/dist-packages/colcon_core/task/python/colcon_distutils_commands:/home/yusen/dev_ws/install/serial_motor_demo/lib/python3.12/site-packages:/home/yusen/dev_ws/install/serial_motor_demo_msgs/lib/python3.12/site-packages:${PYTHONPATH} /usr/bin/python3 -W ignore:setup.py install is deprecated -W ignore:easy_install command is deprecated setup.py develop --editable --build-directory /home/yusen/dev_ws/build/serial_motor_demo/build --no-deps symlink_data
[0.745s] /usr/lib/python3/dist-packages/setuptools/dist.py:744: SetuptoolsDeprecationWarning: Invalid dash-separated options
[0.745s] !!
[0.745s] 
[0.745s]         ********************************************************************************
[0.745s]         Usage of dash-separated 'script-dir' will not be supported in future
[0.745s]         versions. Please use the underscore name 'script_dir' instead.
[0.745s] 
[0.745s]         This deprecation is overdue, please update your project and remove deprecated
[0.746s]         calls to avoid build errors in the future.
[0.746s] 
[0.746s]         See https://setuptools.pypa.io/en/latest/userguide/declarative_config.html for details.
[0.746s]         ********************************************************************************
[0.746s] 
[0.746s] !!
[0.746s]   opt = self.warn_dash_deprecation(opt, section)
[0.880s] running develop
[0.997s] running egg_info
[0.997s] creating serial_motor_demo.egg-info
[1.008s] writing serial_motor_demo.egg-info/PKG-INFO
[1.008s] writing dependency_links to serial_motor_demo.egg-info/dependency_links.txt
[1.008s] writing entry points to serial_motor_demo.egg-info/entry_points.txt
[1.008s] writing requirements to serial_motor_demo.egg-info/requires.txt
[1.008s] writing top-level names to serial_motor_demo.egg-info/top_level.txt
[1.008s] writing manifest file 'serial_motor_demo.egg-info/SOURCES.txt'
[1.030s] reading manifest file 'serial_motor_demo.egg-info/SOURCES.txt'
[1.030s] writing manifest file 'serial_motor_demo.egg-info/SOURCES.txt'
[1.041s] running build_ext
[1.042s] Creating /home/yusen/dev_ws/install/serial_motor_demo/lib/python3.12/site-packages/serial-motor-demo.egg-link (link to .)
[1.042s] Installing driver script to /home/yusen/dev_ws/install/serial_motor_demo/lib/serial_motor_demo
[1.042s] Installing gui script to /home/yusen/dev_ws/install/serial_motor_demo/lib/serial_motor_demo
[1.042s] 
[1.042s] Installed /home/yusen/dev_ws/build/serial_motor_demo
[1.042s] running symlink_data
[1.042s] creating /home/yusen/dev_ws/install/serial_motor_demo/share/ament_index
[1.043s] creating /home/yusen/dev_ws/install/serial_motor_demo/share/ament_index/resource_index
[1.043s] creating /home/yusen/dev_ws/install/serial_motor_demo/share/ament_index/resource_index/packages
[1.043s] symbolically linking /home/yusen/dev_ws/build/serial_motor_demo/resource/serial_motor_demo -> /home/yusen/dev_ws/install/serial_motor_demo/share/ament_index/resource_index/packages
[1.043s] symbolically linking /home/yusen/dev_ws/build/serial_motor_demo/package.xml -> /home/yusen/dev_ws/install/serial_motor_demo/share/serial_motor_demo
[1.069s] Invoked command in '/home/yusen/dev_ws/build/serial_motor_demo' returned '0': AMENT_PREFIX_PATH=/home/yusen/dev_ws/install/serial_motor_demo_msgs:${AMENT_PREFIX_PATH} CMAKE_PREFIX_PATH=/home/yusen/dev_ws/install/serial_motor_demo_msgs:${CMAKE_PREFIX_PATH} DEBUGINFOD_URLS=https://debuginfod.ubuntu.com LD_LIBRARY_PATH=/home/yusen/dev_ws/install/serial_motor_demo_msgs/lib:${LD_LIBRARY_PATH} PYTHONPATH=/home/yusen/dev_ws/build/serial_motor_demo/prefix_override:/usr/lib/python3/dist-packages/colcon_core/task/python/colcon_distutils_commands:/home/yusen/dev_ws/install/serial_motor_demo/lib/python3.12/site-packages:/home/yusen/dev_ws/install/serial_motor_demo_msgs/lib/python3.12/site-packages:${PYTHONPATH} /usr/bin/python3 -W ignore:setup.py install is deprecated -W ignore:easy_install command is deprecated setup.py develop --editable --build-directory /home/yusen/dev_ws/build/serial_motor_demo/build --no-deps symlink_data
