[0.083s] Invoking command in '/home/yusen/dev_ws/build/my_bot': CMAKE_PREFIX_PATH=${CMAKE_PREFIX_PATH}:/opt/ros/jazzy DEBUGINFOD_URLS=https://debuginfod.ubuntu.com /usr/bin/cmake /home/yusen/dev_ws/src/my_bot -DAMENT_CMAKE_SYMLINK_INSTALL=1 -DCMAKE_INSTALL_PREFIX=/home/yusen/dev_ws/install/my_bot
[0.506s] -- The C compiler identification is GNU 13.3.0
[0.976s] -- The CXX compiler identification is GNU 13.3.0
[1.196s] -- Detecting C compiler ABI info
[1.853s] -- Detecting C compiler ABI info - done
[1.906s] -- Check for working C compiler: /usr/bin/cc - skipped
[1.906s] -- Detecting C compile features
[1.911s] -- Detecting C compile features - done
[2.077s] -- Detecting CXX compiler ABI info
[2.917s] -- Detecting CXX compiler ABI info - done
[2.925s] -- Check for working CXX compiler: /usr/bin/c++ - skipped
[2.925s] -- Detecting CXX compile features
[2.926s] -- Detecting CXX compile features - done
[2.930s] -- Found ament_cmake: 2.5.4 (/opt/ros/jazzy/share/ament_cmake/cmake)
[3.211s] -- Found Python3: /usr/bin/python3 (found version "3.12.3") found components: Interpreter 
[3.285s] -- Override CMake install command with custom implementation using symlinks instead of copying resources
[3.341s] -- Found ament_lint_auto: 0.17.3 (/opt/ros/jazzy/share/ament_lint_auto/cmake)
[3.500s] -- Added test 'copyright' to check source files copyright and LICENSE
[3.506s] -- Added test 'flake8' to check Python code syntax and style conventions
[3.506s] -- Configured 'flake8' exclude dirs and/or files: 
[3.507s] -- Added test 'lint_cmake' to check CMake code style
[3.509s] -- Added test 'pep257' to check Python code against some of the docstring style conventions in PEP 257
[3.514s] -- Added test 'xmllint' to check XML markup files
[3.515s] -- Configuring done (3.4s)
[3.516s] -- Generating done (0.0s)
[3.518s] -- Build files have been written to: /home/yusen/dev_ws/build/my_bot
[3.531s] Invoked command in '/home/yusen/dev_ws/build/my_bot' returned '0': CMAKE_PREFIX_PATH=${CMAKE_PREFIX_PATH}:/opt/ros/jazzy DEBUGINFOD_URLS=https://debuginfod.ubuntu.com /usr/bin/cmake /home/yusen/dev_ws/src/my_bot -DAMENT_CMAKE_SYMLINK_INSTALL=1 -DCMAKE_INSTALL_PREFIX=/home/yusen/dev_ws/install/my_bot
[3.531s] Invoking command in '/home/yusen/dev_ws/build/my_bot': CMAKE_PREFIX_PATH=${CMAKE_PREFIX_PATH}:/opt/ros/jazzy DEBUGINFOD_URLS=https://debuginfod.ubuntu.com /usr/bin/cmake --build /home/yusen/dev_ws/build/my_bot -- -j8 -l8
[3.789s] Invoked command in '/home/yusen/dev_ws/build/my_bot' returned '0': CMAKE_PREFIX_PATH=${CMAKE_PREFIX_PATH}:/opt/ros/jazzy DEBUGINFOD_URLS=https://debuginfod.ubuntu.com /usr/bin/cmake --build /home/yusen/dev_ws/build/my_bot -- -j8 -l8
[3.838s] Invoking command in '/home/yusen/dev_ws/build/my_bot': CMAKE_PREFIX_PATH=${CMAKE_PREFIX_PATH}:/opt/ros/jazzy DEBUGINFOD_URLS=https://debuginfod.ubuntu.com /usr/bin/cmake --install /home/yusen/dev_ws/build/my_bot
[3.847s] -- Install configuration: ""
[3.847s] -- Execute custom install script
[3.848s] -- Symlinking: /home/yusen/dev_ws/install/my_bot/share/my_bot/config/diff_controller.yaml
[3.860s] -- Symlinking: /home/yusen/dev_ws/install/my_bot/share/my_bot/config/empty.yaml
[3.869s] -- Symlinking: /home/yusen/dev_ws/install/my_bot/share/my_bot/config/my_controllers.yaml
[3.910s] -- Symlinking: /home/yusen/dev_ws/install/my_bot/share/my_bot/description/inertial_macros.xacro
[3.950s] -- Symlinking: /home/yusen/dev_ws/install/my_bot/share/my_bot/description/robot.urdf.xacro
[3.984s] -- Symlinking: /home/yusen/dev_ws/install/my_bot/share/my_bot/description/robot_core.xacro
[4.046s] -- Symlinking: /home/yusen/dev_ws/install/my_bot/share/my_bot/description/ros2_control.xacro
[4.117s] -- Symlinking: /home/yusen/dev_ws/install/my_bot/share/my_bot/launch/gz_sim.launch.py
[4.162s] -- Symlinking: /home/yusen/dev_ws/install/my_bot/share/my_bot/launch/launch_sim.launch.py
[4.180s] -- Symlinking: /home/yusen/dev_ws/install/my_bot/share/my_bot/launch/rsp.launch.py
[4.202s] -- Symlinking: /home/yusen/dev_ws/install/my_bot/share/my_bot/worlds/empty.world
[4.265s] -- Symlinking: /home/yusen/dev_ws/install/my_bot/share/ament_index/resource_index/package_run_dependencies/my_bot
[4.331s] -- Symlinking: /home/yusen/dev_ws/install/my_bot/share/ament_index/resource_index/parent_prefix_path/my_bot
[4.393s] -- Symlinking: /home/yusen/dev_ws/install/my_bot/share/my_bot/environment/ament_prefix_path.sh
[4.463s] -- Symlinking: /home/yusen/dev_ws/install/my_bot/share/my_bot/environment/ament_prefix_path.dsv
[4.481s] -- Symlinking: /home/yusen/dev_ws/install/my_bot/share/my_bot/environment/path.sh
[4.518s] -- Symlinking: /home/yusen/dev_ws/install/my_bot/share/my_bot/environment/path.dsv
[4.565s] -- Symlinking: /home/yusen/dev_ws/install/my_bot/share/my_bot/local_setup.bash
[4.603s] -- Symlinking: /home/yusen/dev_ws/install/my_bot/share/my_bot/local_setup.sh
[4.637s] -- Symlinking: /home/yusen/dev_ws/install/my_bot/share/my_bot/local_setup.zsh
[4.668s] -- Symlinking: /home/yusen/dev_ws/install/my_bot/share/my_bot/local_setup.dsv
[4.682s] -- Symlinking: /home/yusen/dev_ws/install/my_bot/share/my_bot/package.dsv
[4.707s] -- Symlinking: /home/yusen/dev_ws/install/my_bot/share/ament_index/resource_index/packages/my_bot
[4.753s] -- Symlinking: /home/yusen/dev_ws/install/my_bot/share/my_bot/cmake/my_botConfig.cmake
[4.761s] -- Symlinking: /home/yusen/dev_ws/install/my_bot/share/my_bot/cmake/my_botConfig-version.cmake
[4.769s] -- Symlinking: /home/yusen/dev_ws/install/my_bot/share/my_bot/package.xml
[4.780s] Invoked command in '/home/yusen/dev_ws/build/my_bot' returned '0': CMAKE_PREFIX_PATH=${CMAKE_PREFIX_PATH}:/opt/ros/jazzy DEBUGINFOD_URLS=https://debuginfod.ubuntu.com /usr/bin/cmake --install /home/yusen/dev_ws/build/my_bot
